Component: ARM Compiler 5.06 update 6 (build 750) Tool: armlink [4d35ed]

==============================================================================

Section Cross References

    main.o(.text) refers to os_cpu_c.o(.text) for OS_CPU_SysTickInit
    main.o(.text) refers to os_core.o(.text) for OSStatInit
    main.o(.text) refers to task.o(.text) for App_Task
    main.o(.text) refers to os_time.o(.text) for OSTimeDlyHMSM
    main.o(.text) refers to os_cpu_a.o(.text) for CPU_IntDis
    main.o(.text) refers to os_task.o(.text) for OSTaskCreateExt
    main.o(.text) refers to system_stm32f4xx.o(.data) for SystemCoreClock
    main.o(.text) refers to main.o(.bss) for App_TaskStartStk
    task.o(.text) refers to dma.o(.text) for USARTDMAOUT
    task.o(.text) refers to os_sem.o(.text) for OSSemSet
    task.o(.text) refers to timer.o(.text) for wait
    task.o(.text) refers to movebase.o(.text) for ReadMotorMsg
    task.o(.text) refers to archery.o(.text) for UpdateActArcheryAngle
    task.o(.text) refers to motorcontrol.o(.text) for MotorControl
    task.o(.text) refers to f2d.o(x$fpl$f2d) for __aeabi_f2d
    task.o(.text) refers to fabs.o(i.__hardfp_fabs) for __hardfp_fabs
    task.o(.text) refers to drleqf.o(x$fpl$drleqf) for __aeabi_cdrcmple
    task.o(.text) refers to driver.o(.text) for DriverState
    task.o(.text) refers to dleqf.o(x$fpl$dleqf) for __aeabi_cdcmple
    task.o(.text) refers to momentum.o(.text) for AngleControl
    task.o(.text) refers to task.o(.data) for timeCnt
    task.o(.text) refers to dma.o(.bss) for DebugUSARTDMASendBuf
    task.o(.text) refers to dma.o(.data) for DebugUSARTSendBuffCnt
    task.o(.text) refers to movebase.o(.bss) for oneWheelMsg
    task.o(.text) refers to robot.o(.bss) for gRobot
    task.o(.text) refers to momentum.o(.data) for balanceAngle
    task.o(.text) refers to archery.o(.bss) for imuPara
    task.o(.text) refers to stm32f4xx_tim.o(.text) for TIM_Cmd
    task.o(.text) refers to usart.o(.text) for UART4_Init
    task.o(.text) refers to can.o(.text) for CAN_Config
    task.o(.text) refers to spi.o(.text) for SPI1Init
    task.o(.text) refers to gpio.o(.text) for GPIO_Init_Pins
    task.o(.text) refers to stm32f4xx_gpio.o(.text) for GPIO_SetBits
    task.o(.text) refers to pid.o(.text) for PidParaInit
    task.o(.text) refers to misc.o(.text) for NVIC_PriorityGroupConfig
    task.o(.text) refers to os_task.o(.text) for OSTaskSuspend
    task.o(.text) refers to task.o(.bss) for App_ConfigStk
    task.o(.text) refers to archery.o(.data) for shootStep
    task.o(.text) refers to app.o(.text) for SendVelToApp
    stm32f4xx_it.o(.text) refers to os_cpu_a.o(.text) for OS_CPU_SR_Save
    stm32f4xx_it.o(.text) refers to can.o(.text) for CAN_RxMsg
    stm32f4xx_it.o(.text) refers to driver.o(.text) for GetDriverMsg
    stm32f4xx_it.o(.text) refers to stm32f4xx_can.o(.text) for CAN_ClearFlag
    stm32f4xx_it.o(.text) refers to os_core.o(.text) for OSIntExit
    stm32f4xx_it.o(.text) refers to stm32f4xx_tim.o(.text) for TIM_GetITStatus
    stm32f4xx_it.o(.text) refers to os_sem.o(.text) for OSSemPost
    stm32f4xx_it.o(.text) refers to stm32f4xx_usart.o(.text) for USART_GetITStatus
    stm32f4xx_it.o(.text) refers to os_core.o(.data) for OSIntNesting
    stm32f4xx_it.o(.text) refers to movebase.o(.bss) for oneWheelMsg
    stm32f4xx_it.o(.text) refers to robot.o(.bss) for gRobot
    stm32f4xx_it.o(.text) refers to stm32f4xx_it.o(.data) for periodCounter
    stm32f4xx_it.o(.text) refers to task.o(.data) for timeCnt
    stm32f4xx_it.o(.text) refers to stm32f4xx_it.o(.bss) for recData
    stm32f4xx_it.o(.text) refers to archery.o(.text) for clearData
    stm32f4xx_it.o(.text) refers to archery.o(.bss) for imuPara
    stm32f4xx_it.o(.text) refers to dma.o(.text) for USARTDMAOUT
    stm32f4xx_it.o(.text) refers to rt_memcpy_w.o(.text) for __aeabi_memcpy4
    stm32f4xx_it.o(.text) refers to movebase.o(.text) for AllMotorStop
    stm32f4xx_it.o(.text) refers to dma.o(.bss) for DebugUSARTDMASendBuf
    stm32f4xx_it.o(.text) refers to dma.o(.data) for DebugUSARTSendBuffCnt
    stm32f4xx_it.o(.text) refers to timer.o(.text) for wait
    gpio.o(.text) refers to stm32f4xx_rcc.o(.text) for RCC_AHB1PeriphClockCmd
    gpio.o(.text) refers to stm32f4xx_gpio.o(.text) for GPIO_Init
    timer.o(.text) refers to stm32f4xx_rcc.o(.text) for RCC_APB2PeriphClockCmd
    timer.o(.text) refers to stm32f4xx_tim.o(.text) for TIM_TimeBaseInit
    timer.o(.text) refers to misc.o(.text) for NVIC_Init
    timer.o(.text) refers to stm32f4xx_gpio.o(.text) for GPIO_PinAFConfig
    usart.o(.text) refers to stm32f4xx_usart.o(.text) for USART_SendData
    usart.o(.text) refers to stm32f4xx_rcc.o(.text) for RCC_AHB1PeriphClockCmd
    usart.o(.text) refers to stm32f4xx_gpio.o(.text) for GPIO_PinAFConfig
    usart.o(.text) refers to misc.o(.text) for NVIC_Init
    can.o(.text) refers to stm32f4xx_rcc.o(.text) for RCC_APB1PeriphClockCmd
[...]
    OTG_HS_EP1_IN_IRQHandler                 0x0800bc4d   Thumb Code     0  startup_stm32f4xx.o(.text)
    OTG_HS_EP1_OUT_IRQHandler                0x0800bc4d   Thumb Code     0  startup_stm32f4xx.o(.text)
    OTG_HS_IRQHandler                        0x0800bc4d   Thumb Code     0  startup_stm32f4xx.o(.text)
    OTG_HS_WKUP_IRQHandler                   0x0800bc4d   Thumb Code     0  startup_stm32f4xx.o(.text)
    PVD_IRQHandler                           0x0800bc4d   Thumb Code     0  startup_stm32f4xx.o(.text)
    RCC_IRQHandler                           0x0800bc4d   Thumb Code     0  startup_stm32f4xx.o(.text)
    RTC_Alarm_IRQHandler                     0x0800bc4d   Thumb Code     0  startup_stm32f4xx.o(.text)
    RTC_WKUP_IRQHandler                      0x0800bc4d   Thumb Code     0  startup_stm32f4xx.o(.text)
    SDIO_IRQHandler                          0x0800bc4d   Thumb Code     0  startup_stm32f4xx.o(.text)
    SPI1_IRQHandler                          0x0800bc4d   Thumb Code     0  startup_stm32f4xx.o(.text)
    SPI2_IRQHandler                          0x0800bc4d   Thumb Code     0  startup_stm32f4xx.o(.text)
    SPI3_IRQHandler                          0x0800bc4d   Thumb Code     0  startup_stm32f4xx.o(.text)
    TAMP_STAMP_IRQHandler                    0x0800bc4d   Thumb Code     0  startup_stm32f4xx.o(.text)
    TIM1_BRK_TIM9_IRQHandler                 0x0800bc4d   Thumb Code     0  startup_stm32f4xx.o(.text)
    TIM1_CC_IRQHandler                       0x0800bc4d   Thumb Code     0  startup_stm32f4xx.o(.text)
    TIM1_TRG_COM_TIM11_IRQHandler            0x0800bc4d   Thumb Code     0  startup_stm32f4xx.o(.text)
    TIM6_DAC_IRQHandler                      0x0800bc4d   Thumb Code     0  startup_stm32f4xx.o(.text)
    TIM7_IRQHandler                          0x0800bc4d   Thumb Code     0  startup_stm32f4xx.o(.text)
    TIM8_BRK_TIM12_IRQHandler                0x0800bc4d   Thumb Code     0  startup_stm32f4xx.o(.text)
    TIM8_CC_IRQHandler                       0x0800bc4d   Thumb Code     0  startup_stm32f4xx.o(.text)
    TIM8_TRG_COM_TIM14_IRQHandler            0x0800bc4d   Thumb Code     0  startup_stm32f4xx.o(.text)
    WWDG_IRQHandler                          0x0800bc4d   Thumb Code     0  startup_stm32f4xx.o(.text)
    __user_initial_stackheap                 0x0800bc51   Thumb Code     0  startup_stm32f4xx.o(.text)
    OSInitHookBegin                          0x0800bc79   Thumb Code    40  os_cpu_c.o(.text)
    OSInitHookEnd                            0x0800bca1   Thumb Code     2  os_cpu_c.o(.text)
    OSTaskCreateHook                         0x0800bca3   Thumb Code    12  os_cpu_c.o(.text)
    OSTaskDelHook                            0x0800bcaf   Thumb Code    12  os_cpu_c.o(.text)
    OSTaskIdleHook                           0x0800bcbb   Thumb Code     8  os_cpu_c.o(.text)
    OSTaskStatHook                           0x0800bcc3   Thumb Code     8  os_cpu_c.o(.text)
    OSTaskStkInit                            0x0800bccb   Thumb Code   486  os_cpu_c.o(.text)
    OSTaskSwHook                             0x0800beb1   Thumb Code     8  os_cpu_c.o(.text)
    OSTCBInitHook                            0x0800beb9   Thumb Code    12  os_cpu_c.o(.text)
    OSTimeTickHook                           0x0800bec5   Thumb Code    34  os_cpu_c.o(.text)
    SysTick_Handler                          0x0800bee7   Thumb Code    34  os_cpu_c.o(.text)
    OS_CPU_SysTickInit                       0x0800bf09   Thumb Code    28  os_cpu_c.o(.text)
    OS_CPU_SR_Save                           0x0800bf41   Thumb Code     0  os_cpu_a.o(.text)
    OS_CPU_SR_Restore                        0x0800bf49   Thumb Code     0  os_cpu_a.o(.text)
    OSStartHighRdy                           0x0800bf4f   Thumb Code     0  os_cpu_a.o(.text)
    OSCtxSw                                  0x0800bf6f   Thumb Code     0  os_cpu_a.o(.text)
    OSIntCtxSw                               0x0800bf79   Thumb Code     0  os_cpu_a.o(.text)
    PendSV_Handler                           0x0800bf83   Thumb Code     0  os_cpu_a.o(.text)
    CPU_IntDis                               0x0800bfd1   Thumb Code     0  os_cpu_a.o(.text)
    CPU_IntEn                                0x0800bfd5   Thumb Code     0  os_cpu_a.o(.text)
    OSDebugInit                              0x0800bff9   Thumb Code   118  os_dbg.o(.text)
    OS_StrLen                                0x0800c155   Thumb Code    20  os_core.o(.text)
    OSEventNameGet                           0x0800c169   Thumb Code   118  os_core.o(.text)
    OSEventNameSet                           0x0800c1df   Thumb Code   100  os_core.o(.text)
    OS_EventTaskRemoveMulti                  0x0800c243   Thumb Code    58  os_core.o(.text)
    OS_Sched                                 0x0800c297   Thumb Code    88  os_core.o(.text)
    OS_EventTaskWaitMulti                    0x0800c2ef   Thumb Code   136  os_core.o(.text)
    OSEventPendMulti                         0x0800c377   Thumb Code   760  os_core.o(.text)
    OS_TaskStatStkChk                        0x0800c66f   Thumb Code    54  os_core.o(.text)
    OS_TaskStat                              0x0800c6a5   Thumb Code   116  os_core.o(.text)
    OS_TaskIdle                              0x0800c74d   Thumb Code    34  os_core.o(.text)
    OS_MemClr                                0x0800c7a3   Thumb Code    18  os_core.o(.text)
    OSInit                                   0x0800c8cb   Thumb Code    56  os_core.o(.text)
    OSIntEnter                               0x0800c903   Thumb Code    28  os_core.o(.text)
    OSIntExit                                0x0800c91f   Thumb Code   258  os_core.o(.text)
    OSSchedLock                              0x0800ca21   Thumb Code    50  os_core.o(.text)
    OSSchedUnlock                            0x0800ca53   Thumb Code    82  os_core.o(.text)
    OSStart                                  0x0800caa5   Thumb Code    48  os_core.o(.text)
    OSStatInit                               0x0800cad5   Thumb Code    62  os_core.o(.text)
    OSTimeTick                               0x0800cb13   Thumb Code   210  os_core.o(.text)
    OSVersion                                0x0800cbe5   Thumb Code     6  os_core.o(.text)
    OS_Dummy                                 0x0800cbeb   Thumb Code     2  os_core.o(.text)
    OS_EventTaskRemove                       0x0800cbed   Thumb Code    42  os_core.o(.text)
    OS_EventTaskRdy                          0x0800cc17   Thumb Code   128  os_core.o(.text)
    OS_EventTaskWait                         0x0800cc97   Thumb Code   112  os_core.o(.text)
    OS_EventWaitListInit                     0x0800cd07   Thumb Code    28  os_core.o(.text)
    OS_MemCopy                               0x0800cd23   Thumb Code    20  os_core.o(.text)
    OS_TCBInit                               0x0800cd37   Thumb Code   358  os_core.o(.text)
    OSFlagAccept                             0x0800cea5   Thumb Code   262  os_flag.o(.text)
    OSFlagCreate                             0x0800cfab   Thumb Code    86  os_flag.o(.text)
    OS_FlagUnlink                            0x0800d001   Thumb Code    36  os_flag.o(.text)
    OSFlagDel                                0x0800d077   Thumb Code   224  os_flag.o(.text)
    OSFlagNameGet                            0x0800d157   Thumb Code   100  os_flag.o(.text)
    OSFlagNameSet                            0x0800d1bb   Thumb Code    82  os_flag.o(.text)
    OSFlagPend                               0x0800d2a5   Thumb Code   626  os_flag.o(.text)
    OSFlagPendGetFlagsRdy                    0x0800d517   Thumb Code    26  os_flag.o(.text)
    OSFlagPost                               0x0800d531   Thumb Code   322  os_flag.o(.text)
    OSFlagQuery                              0x0800d673   Thumb Code    58  os_flag.o(.text)
    OS_FlagInit                              0x0800d6ad   Thumb Code    78  os_flag.o(.text)
    OSMemCreate                              0x0800d709   Thumb Code   164  os_mem.o(.text)
    OSMemGet                                 0x0800d7ad   Thumb Code    72  os_mem.o(.text)
    OSMemNameGet                             0x0800d7f5   Thumb Code    80  os_mem.o(.text)
    OSMemNameSet                             0x0800d845   Thumb Code    64  os_mem.o(.text)
    OSMemPut                                 0x0800d885   Thumb Code    66  os_mem.o(.text)
    OSMemQuery                               0x0800d8c7   Thumb Code    64  os_mem.o(.text)
    OS_MemInit                               0x0800d907   Thumb Code    74  os_mem.o(.text)
    OSQAccept                                0x0800d961   Thumb Code    98  os_q.o(.text)
    OSQCreate                                0x0800d9c3   Thumb Code   144  os_q.o(.text)
    OSQDel                                   0x0800da53   Thumb Code   254  os_q.o(.text)
    OSQFlush                                 0x0800db51   Thumb Code    52  os_q.o(.text)
    OSQPend                                  0x0800db85   Thumb Code   288  os_q.o(.text)
    OSQPendAbort                             0x0800dca5   Thumb Code   138  os_q.o(.text)
    OSQPost                                  0x0800dd2f   Thumb Code   120  os_q.o(.text)
    OSQPostFront                             0x0800dda7   Thumb Code   146  os_q.o(.text)
    OSQPostOpt                               0x0800de39   Thumb Code   188  os_q.o(.text)
    OSQQuery                                 0x0800def5   Thumb Code   110  os_q.o(.text)
    OS_QInit                                 0x0800df63   Thumb Code    72  os_q.o(.text)
    OSSemAccept                              0x0800dfb5   Thumb Code    48  os_sem.o(.text)
    OSSemCreate                              0x0800dfe5   Thumb Code    72  os_sem.o(.text)
    OSSemDel                                 0x0800e02d   Thumb Code   220  os_sem.o(.text)
    OSSemPend                                0x0800e109   Thumb Code   236  os_sem.o(.text)
    OSSemPendAbort                           0x0800e1f5   Thumb Code   138  os_sem.o(.text)
    OSSemPost                                0x0800e27f   Thumb Code    94  os_sem.o(.text)
    OSSemQuery                               0x0800e2dd   Thumb Code    88  os_sem.o(.text)
    OSSemSet                                 0x0800e335   Thumb Code    74  os_sem.o(.text)
    OSTaskChangePrio                         0x0800e395   Thumb Code   418  os_task.o(.text)
    OSTaskCreate                             0x0800e537   Thumb Code   156  os_task.o(.text)
    OS_TaskStkClr                            0x0800e5d3   Thumb Code    26  os_task.o(.text)
    OSTaskCreateExt                          0x0800e5ed   Thumb Code   178  os_task.o(.text)
    OSTaskDel                                0x0800e69f   Thumb Code   354  os_task.o(.text)
    OSTaskDelReq                             0x0800e801   Thumb Code   112  os_task.o(.text)
    OSTaskNameGet                            0x0800e871   Thumb Code   140  os_task.o(.text)
    OSTaskNameSet                            0x0800e8fd   Thumb Code   120  os_task.o(.text)
    OSTaskResume                             0x0800e975   Thumb Code   162  os_task.o(.text)
    OSTaskStkChk                             0x0800ea17   Thumb Code   150  os_task.o(.text)
    OSTaskSuspend                            0x0800eaad   Thumb Code   172  os_task.o(.text)
    OSTaskQuery                              0x0800eb59   Thumb Code   132  os_task.o(.text)
    OSTaskRegGet                             0x0800ebdd   Thumb Code    86  os_task.o(.text)
    OSTaskRegSet                             0x0800ec33   Thumb Code    84  os_task.o(.text)
    OS_TaskReturn                            0x0800ec87   Thumb Code    18  os_task.o(.text)
    OSTimeDly                                0x0800eca1   Thumb Code   100  os_time.o(.text)
    OSTimeDlyHMSM                            0x0800ed05   Thumb Code   124  os_time.o(.text)
    OSTimeDlyResume                          0x0800ed81   Thumb Code   168  os_time.o(.text)
    OSTimeGet                                0x0800ee29   Thumb Code    24  os_time.o(.text)
    OSTimeSet                                0x0800ee41   Thumb Code    24  os_time.o(.text)
    OSTmrCreate                              0x0800eea7   Thumb Code   142  os_tmr.o(.text)
    OSTmrDel                                 0x0800efad   Thumb Code   134  os_tmr.o(.text)
    OSTmrNameGet                             0x0800f033   Thumb Code   134  os_tmr.o(.text)
    OSTmrRemainGet                           0x0800f0b9   Thumb Code   172  os_tmr.o(.text)
    OSTmrStateGet                            0x0800f165   Thumb Code    96  os_tmr.o(.text)
    OSTmrStart                               0x0800f229   Thumb Code   166  os_tmr.o(.text)
    OSTmrStop                                0x0800f2cf   Thumb Code   190  os_tmr.o(.text)
    OSTmrSignal                              0x0800f38d   Thumb Code    16  os_tmr.o(.text)
    OSTmr_Init                               0x0800f441   Thumb Code   172  os_tmr.o(.text)
    OSTaskReturnHook                         0x0800f555   Thumb Code     2  os_apphooks.o(.text)
    App_TaskCreateHook                       0x0800f557   Thumb Code     2  os_apphooks.o(.text)
    App_TaskDelHook                          0x0800f559   Thumb Code     2  os_apphooks.o(.text)
    App_TaskIdleHook                         0x0800f55b   Thumb Code     2  os_apphooks.o(.text)
    App_TaskReturnHook                       0x0800f55d   Thumb Code     2  os_apphooks.o(.text)
    App_TaskStatHook                         0x0800f55f   Thumb Code     2  os_apphooks.o(.text)
    App_TaskSwHook                           0x0800f561   Thumb Code     2  os_apphooks.o(.text)
    App_TCBInitHook                          0x0800f563   Thumb Code     2  os_apphooks.o(.text)
    App_TimeTickHook                         0x0800f565   Thumb Code     2  os_apphooks.o(.text)
    GPIO_DeInit                              0x0800f569   Thumb Code   220  stm32f4xx_gpio.o(.text)
    GPIO_Init                                0x0800f645   Thumb Code   144  stm32f4xx_gpio.o(.text)
    GPIO_StructInit                          0x0800f6d5   Thumb Code    18  stm32f4xx_gpio.o(.text)
    GPIO_PinLockConfig                       0x0800f6e7   Thumb Code    34  stm32f4xx_gpio.o(.text)
    GPIO_ReadInputDataBit                    0x0800f709   Thumb Code    18  stm32f4xx_gpio.o(.text)
    GPIO_ReadInputData                       0x0800f71b   Thumb Code     8  stm32f4xx_gpio.o(.text)
    GPIO_ReadOutputDataBit                   0x0800f723   Thumb Code    18  stm32f4xx_gpio.o(.text)
    GPIO_ReadOutputData                      0x0800f735   Thumb Code     8  stm32f4xx_gpio.o(.text)
    GPIO_SetBits                             0x0800f73d   Thumb Code     4  stm32f4xx_gpio.o(.text)
    GPIO_ResetBits                           0x0800f741   Thumb Code     4  stm32f4xx_gpio.o(.text)
    GPIO_WriteBit                            0x0800f745   Thumb Code    10  stm32f4xx_gpio.o(.text)
    GPIO_Write                               0x0800f74f   Thumb Code     4  stm32f4xx_gpio.o(.text)
    GPIO_ToggleBits                          0x0800f753   Thumb Code     8  stm32f4xx_gpio.o(.text)
    GPIO_PinAFConfig                         0x0800f75b   Thumb Code    70  stm32f4xx_gpio.o(.text)
    RCC_DeInit                               0x0800f7c5   Thumb Code    60  stm32f4xx_rcc.o(.text)
    RCC_HSEConfig                            0x0800f801   Thumb Code    14  stm32f4xx_rcc.o(.text)
    RCC_GetFlagStatus                        0x0800f80f   Thumb Code    60  stm32f4xx_rcc.o(.text)
    RCC_WaitForHSEStartUp                    0x0800f84b   Thumb Code    56  stm32f4xx_rcc.o(.text)
    RCC_AdjustHSICalibrationValue            0x0800f883   Thumb Code    20  stm32f4xx_rcc.o(.text)
    RCC_HSICmd                               0x0800f897   Thumb Code     6  stm32f4xx_rcc.o(.text)
    RCC_LSEConfig                            0x0800f89d   Thumb Code    46  stm32f4xx_rcc.o(.text)
    RCC_LSICmd                               0x0800f8cb   Thumb Code     6  stm32f4xx_rcc.o(.text)
    RCC_PLLConfig                            0x0800f8d1   Thumb Code    32  stm32f4xx_rcc.o(.text)
    RCC_PLLCmd                               0x0800f8f1   Thumb Code     6  stm32f4xx_rcc.o(.text)
    RCC_PLLI2SConfig                         0x0800f8f7   Thumb Code    14  stm32f4xx_rcc.o(.text)
    RCC_PLLI2SCmd                            0x0800f905   Thumb Code     6  stm32f4xx_rcc.o(.text)
    RCC_ClockSecuritySystemCmd               0x0800f90b   Thumb Code     6  stm32f4xx_rcc.o(.text)
    RCC_MCO1Config                           0x0800f911   Thumb Code    28  stm32f4xx_rcc.o(.text)
    RCC_MCO2Config                           0x0800f92d   Thumb Code    28  stm32f4xx_rcc.o(.text)
    RCC_SYSCLKConfig                         0x0800f949   Thumb Code    20  stm32f4xx_rcc.o(.text)
    RCC_GetSYSCLKSource                      0x0800f95d   Thumb Code    12  stm32f4xx_rcc.o(.text)
    RCC_HCLKConfig                           0x0800f969   Thumb Code    20  stm32f4xx_rcc.o(.text)
    RCC_PCLK1Config                          0x0800f97d   Thumb Code    20  stm32f4xx_rcc.o(.text)
    RCC_PCLK2Config                          0x0800f991   Thumb Code    22  stm32f4xx_rcc.o(.text)
    RCC_GetClocksFreq                        0x0800f9a7   Thumb Code   222  stm32f4xx_rcc.o(.text)
    RCC_RTCCLKConfig                         0x0800fa85   Thumb Code    54  stm32f4xx_rcc.o(.text)
    RCC_RTCCLKCmd                            0x0800fabb   Thumb Code     8  stm32f4xx_rcc.o(.text)
    RCC_BackupResetCmd                       0x0800fac3   Thumb Code     8  stm32f4xx_rcc.o(.text)
    RCC_I2SCLKConfig                         0x0800facb   Thumb Code     6  stm32f4xx_rcc.o(.text)
    RCC_AHB1PeriphClockCmd                   0x0800fad1   Thumb Code    34  stm32f4xx_rcc.o(.text)
    RCC_AHB2PeriphClockCmd                   0x0800faf3   Thumb Code    34  stm32f4xx_rcc.o(.text)
    RCC_AHB3PeriphClockCmd                   0x0800fb15   Thumb Code    34  stm32f4xx_rcc.o(.text)
    RCC_APB1PeriphClockCmd                   0x0800fb37   Thumb Code    34  stm32f4xx_rcc.o(.text)
    RCC_APB2PeriphClockCmd                   0x0800fb59   Thumb Code    34  stm32f4xx_rcc.o(.text)
    RCC_AHB1PeriphResetCmd                   0x0800fb7b   Thumb Code    34  stm32f4xx_rcc.o(.text)
    RCC_AHB2PeriphResetCmd                   0x0800fb9d   Thumb Code    72  stm32f4xx_rcc.o(.text)
    RCC_AHB3PeriphResetCmd                   0x0800fbe5   Thumb Code    34  stm32f4xx_rcc.o(.text)
    RCC_APB1PeriphResetCmd                   0x0800fc07   Thumb Code    34  stm32f4xx_rcc.o(.text)
    RCC_APB2PeriphResetCmd                   0x0800fc29   Thumb Code    34  stm32f4xx_rcc.o(.text)
    RCC_AHB1PeriphClockLPModeCmd             0x0800fc4b   Thumb Code    34  stm32f4xx_rcc.o(.text)
    RCC_AHB2PeriphClockLPModeCmd             0x0800fc6d   Thumb Code    34  stm32f4xx_rcc.o(.text)
    RCC_AHB3PeriphClockLPModeCmd             0x0800fc8f   Thumb Code    34  stm32f4xx_rcc.o(.text)
    RCC_APB1PeriphClockLPModeCmd             0x0800fcb1   Thumb Code    34  stm32f4xx_rcc.o(.text)
    RCC_APB2PeriphClockLPModeCmd             0x0800fcd3   Thumb Code    34  stm32f4xx_rcc.o(.text)
    RCC_ITConfig                             0x0800fcf5   Thumb Code    34  stm32f4xx_rcc.o(.text)
    RCC_ClearFlag                            0x0800fd17   Thumb Code    18  stm32f4xx_rcc.o(.text)
    RCC_GetITStatus                          0x0800fd29   Thumb Code    22  stm32f4xx_rcc.o(.text)
    RCC_ClearITPendingBit                    0x0800fd3f   Thumb Code     8  stm32f4xx_rcc.o(.text)
    NVIC_PriorityGroupConfig                 0x0800fd4d   Thumb Code    10  misc.o(.text)
    NVIC_Init                                0x0800fd57   Thumb Code   106  misc.o(.text)
    NVIC_SetVectorTable                      0x0800fdc1   Thumb Code    14  misc.o(.text)
    NVIC_SystemLPConfig                      0x0800fdcf   Thumb Code    34  misc.o(.text)
    SysTick_CLKSourceConfig                  0x0800fdf1   Thumb Code    40  misc.o(.text)
    TIM_DeInit                               0x0800fe2d   Thumb Code   346  stm32f4xx_tim.o(.text)
    TIM_TimeBaseInit                         0x0800ff87   Thumb Code   104  stm32f4xx_tim.o(.text)
    TIM_TimeBaseStructInit                   0x0800ffef   Thumb Code    18  stm32f4xx_tim.o(.text)
    TIM_PrescalerConfig                      0x08010001   Thumb Code     6  stm32f4xx_tim.o(.text)
    TIM_CounterModeConfig                    0x08010007   Thumb Code    18  stm32f4xx_tim.o(.text)
    TIM_SetCounter                           0x08010019   Thumb Code     4  stm32f4xx_tim.o(.text)
    TIM_SetAutoreload                        0x0801001d   Thumb Code     4  stm32f4xx_tim.o(.text)
    TIM_GetCounter                           0x08010021   Thumb Code     6  stm32f4xx_tim.o(.text)
    TIM_GetPrescaler                         0x08010027   Thumb Code     6  stm32f4xx_tim.o(.text)
    TIM_UpdateDisableConfig                  0x0801002d   Thumb Code    24  stm32f4xx_tim.o(.text)
    TIM_UpdateRequestConfig                  0x08010045   Thumb Code    24  stm32f4xx_tim.o(.text)
    TIM_ARRPreloadConfig                     0x0801005d   Thumb Code    24  stm32f4xx_tim.o(.text)
    TIM_SelectOnePulseMode                   0x08010075   Thumb Code    18  stm32f4xx_tim.o(.text)
    TIM_SetClockDivision                     0x08010087   Thumb Code    18  stm32f4xx_tim.o(.text)
    TIM_Cmd                                  0x08010099   Thumb Code    24  stm32f4xx_tim.o(.text)
    TIM_OC1Init                              0x080100b1   Thumb Code   114  stm32f4xx_tim.o(.text)
    TIM_OC2Init                              0x08010123   Thumb Code   154  stm32f4xx_tim.o(.text)
    TIM_OC3Init                              0x080101bd   Thumb Code   204  stm32f4xx_tim.o(.text)
    TIM_OC4Init                              0x08010289   Thumb Code   112  stm32f4xx_tim.o(.text)
    TIM_OCStructInit                         0x080102f9   Thumb Code    20  stm32f4xx_tim.o(.text)
    TIM_SelectOCxM                           0x0801030d   Thumb Code    86  stm32f4xx_tim.o(.text)
    TIM_SetCompare1                          0x08010363   Thumb Code     4  stm32f4xx_tim.o(.text)
    TIM_SetCompare2                          0x08010367   Thumb Code     4  stm32f4xx_tim.o(.text)
    TIM_SetCompare3                          0x0801036b   Thumb Code     4  stm32f4xx_tim.o(.text)
    TIM_SetCompare4                          0x0801036f   Thumb Code     4  stm32f4xx_tim.o(.text)
    TIM_ForcedOC1Config                      0x08010373   Thumb Code    18  stm32f4xx_tim.o(.text)
    TIM_ForcedOC2Config                      0x08010385   Thumb Code    26  stm32f4xx_tim.o(.text)
    TIM_ForcedOC3Config                      0x0801039f   Thumb Code    18  stm32f4xx_tim.o(.text)
    TIM_ForcedOC4Config                      0x080103b1   Thumb Code    26  stm32f4xx_tim.o(.text)
    TIM_OC1PreloadConfig                     0x080103cb   Thumb Code    18  stm32f4xx_tim.o(.text)
    TIM_OC2PreloadConfig                     0x080103dd   Thumb Code    26  stm32f4xx_tim.o(.text)
    TIM_OC3PreloadConfig                     0x080103f7   Thumb Code    18  stm32f4xx_tim.o(.text)
    TIM_OC4PreloadConfig                     0x08010409   Thumb Code    26  stm32f4xx_tim.o(.text)
    TIM_OC1FastConfig                        0x08010423   Thumb Code    18  stm32f4xx_tim.o(.text)
    TIM_OC2FastConfig                        0x08010435   Thumb Code    26  stm32f4xx_tim.o(.text)
    TIM_OC3FastConfig                        0x0801044f   Thumb Code    18  stm32f4xx_tim.o(.text)
    TIM_OC4FastConfig                        0x08010461   Thumb Code    26  stm32f4xx_tim.o(.text)
    TIM_ClearOC1Ref                          0x0801047b   Thumb Code    18  stm32f4xx_tim.o(.text)
    TIM_ClearOC2Ref                          0x0801048d   Thumb Code    24  stm32f4xx_tim.o(.text)
    TIM_ClearOC3Ref                          0x080104a5   Thumb Code    18  stm32f4xx_tim.o(.text)
    TIM_ClearOC4Ref                          0x080104b7   Thumb Code    24  stm32f4xx_tim.o(.text)
    TIM_OC1PolarityConfig                    0x080104cf   Thumb Code    18  stm32f4xx_tim.o(.text)
    TIM_OC1NPolarityConfig                   0x080104e1   Thumb Code    18  stm32f4xx_tim.o(.text)
    TIM_OC2PolarityConfig                    0x080104f3   Thumb Code    26  stm32f4xx_tim.o(.text)
    TIM_OC2NPolarityConfig                   0x0801050d   Thumb Code    26  stm32f4xx_tim.o(.text)
    TIM_OC3PolarityConfig                    0x08010527   Thumb Code    26  stm32f4xx_tim.o(.text)
    TIM_OC3NPolarityConfig                   0x08010541   Thumb Code    26  stm32f4xx_tim.o(.text)
    TIM_OC4PolarityConfig                    0x0801055b   Thumb Code    26  stm32f4xx_tim.o(.text)
    TIM_CCxCmd                               0x08010575   Thumb Code    30  stm32f4xx_tim.o(.text)
    TIM_CCxNCmd                              0x08010593   Thumb Code    30  stm32f4xx_tim.o(.text)
    TIM_SetIC4Prescaler                      0x080105b1   Thumb Code    26  stm32f4xx_tim.o(.text)
    TIM_SetIC3Prescaler                      0x0801061b   Thumb Code    18  stm32f4xx_tim.o(.text)
    TIM_SetIC2Prescaler                      0x08010675   Thumb Code    26  stm32f4xx_tim.o(.text)
    TIM_SetIC1Prescaler                      0x080106e9   Thumb Code    18  stm32f4xx_tim.o(.text)
    TIM_ICInit                               0x08010735   Thumb Code   110  stm32f4xx_tim.o(.text)
    TIM_ICStructInit                         0x080107a3   Thumb Code    18  stm32f4xx_tim.o(.text)
    TIM_PWMIConfig                           0x080107b5   Thumb Code   124  stm32f4xx_tim.o(.text)
    TIM_GetCapture1                          0x08010831   Thumb Code     6  stm32f4xx_tim.o(.text)
    TIM_GetCapture2                          0x08010837   Thumb Code     6  stm32f4xx_tim.o(.text)
    TIM_GetCapture3                          0x0801083d   Thumb Code     6  stm32f4xx_tim.o(.text)
    TIM_GetCapture4                          0x08010843   Thumb Code     6  stm32f4xx_tim.o(.text)
    TIM_BDTRConfig                           0x08010849   Thumb Code    32  stm32f4xx_tim.o(.text)
    TIM_BDTRStructInit                       0x08010869   Thumb Code    18  stm32f4xx_tim.o(.text)
    TIM_CtrlPWMOutputs                       0x0801087b   Thumb Code    30  stm32f4xx_tim.o(.text)
    TIM_SelectCOM                            0x08010899   Thumb Code    24  stm32f4xx_tim.o(.text)
    TIM_CCPreloadControl                     0x080108b1   Thumb Code    24  stm32f4xx_tim.o(.text)
    TIM_ITConfig                             0x080108c9   Thumb Code    18  stm32f4xx_tim.o(.text)
    TIM_GenerateEvent                        0x080108db   Thumb Code     4  stm32f4xx_tim.o(.text)
    TIM_GetFlagStatus                        0x080108df   Thumb Code    18  stm32f4xx_tim.o(.text)
    TIM_ClearFlag                            0x080108f1   Thumb Code     6  stm32f4xx_tim.o(.text)
    TIM_GetITStatus                          0x080108f7   Thumb Code    34  stm32f4xx_tim.o(.text)
    TIM_ClearITPendingBit                    0x08010919   Thumb Code     6  stm32f4xx_tim.o(.text)
    TIM_DMAConfig                            0x0801091f   Thumb Code    10  stm32f4xx_tim.o(.text)
    TIM_DMACmd                               0x08010929   Thumb Code    18  stm32f4xx_tim.o(.text)
    TIM_SelectCCDMA                          0x0801093b   Thumb Code    24  stm32f4xx_tim.o(.text)
    TIM_InternalClockConfig                  0x08010953   Thumb Code    12  stm32f4xx_tim.o(.text)
    TIM_SelectInputTrigger                   0x0801095f   Thumb Code    18  stm32f4xx_tim.o(.text)
    TIM_ITRxExternalClockConfig              0x08010971   Thumb Code    24  stm32f4xx_tim.o(.text)
    TIM_TIxExternalClockConfig               0x08010989   Thumb Code    62  stm32f4xx_tim.o(.text)
    TIM_ETRConfig                            0x080109c7   Thumb Code    28  stm32f4xx_tim.o(.text)
    TIM_ETRClockMode1Config                  0x080109e3   Thumb Code    54  stm32f4xx_tim.o(.text)
    TIM_ETRClockMode2Config                  0x08010a19   Thumb Code    32  stm32f4xx_tim.o(.text)
    TIM_SelectOutputTrigger                  0x08010a39   Thumb Code    18  stm32f4xx_tim.o(.text)
    TIM_SelectSlaveMode                      0x08010a4b   Thumb Code    18  stm32f4xx_tim.o(.text)
    TIM_SelectMasterSlaveMode                0x08010a5d   Thumb Code    18  stm32f4xx_tim.o(.text)
    TIM_EncoderInterfaceConfig               0x08010a6f   Thumb Code    66  stm32f4xx_tim.o(.text)
    TIM_SelectHallSensor                     0x08010ab1   Thumb Code    24  stm32f4xx_tim.o(.text)
    TIM_RemapConfig                          0x08010ac9   Thumb Code     6  stm32f4xx_tim.o(.text)
    USART_DeInit                             0x08010ad1   Thumb Code   156  stm32f4xx_usart.o(.text)
    USART_Init                               0x08010b6d   Thumb Code   204  stm32f4xx_usart.o(.text)
    USART_StructInit                         0x08010c39   Thumb Code    24  stm32f4xx_usart.o(.text)
    USART_ClockInit                          0x08010c51   Thumb Code    32  stm32f4xx_usart.o(.text)
    USART_ClockStructInit                    0x08010c71   Thumb Code    12  stm32f4xx_usart.o(.text)
    USART_Cmd                                0x08010c7d   Thumb Code    24  stm32f4xx_usart.o(.text)
    USART_SetPrescaler                       0x08010c95   Thumb Code    16  stm32f4xx_usart.o(.text)
    USART_OverSampling8Cmd                   0x08010ca5   Thumb Code    22  stm32f4xx_usart.o(.text)
    USART_OneBitMethodCmd                    0x08010cbb   Thumb Code    24  stm32f4xx_usart.o(.text)
    USART_ClearFlag                          0x08010cd3   Thumb Code    18  stm32f4xx_usart.o(.text)
    USART_GetFlagStatus                      0x08010ce5   Thumb Code    26  stm32f4xx_usart.o(.text)
    USART_SendData                           0x08010cff   Thumb Code    44  stm32f4xx_usart.o(.text)
    USART_ReceiveData                        0x08010d2b   Thumb Code    10  stm32f4xx_usart.o(.text)
    USART_SetAddress                         0x08010d35   Thumb Code    18  stm32f4xx_usart.o(.text)
    USART_ReceiverWakeUpCmd                  0x08010d47   Thumb Code    24  stm32f4xx_usart.o(.text)
    USART_WakeUpConfig                       0x08010d5f   Thumb Code    18  stm32f4xx_usart.o(.text)
    USART_LINBreakDetectLengthConfig         0x08010d71   Thumb Code    18  stm32f4xx_usart.o(.text)
    USART_LINCmd                             0x08010d83   Thumb Code    24  stm32f4xx_usart.o(.text)
    USART_SendBreak                          0x08010d9b   Thumb Code    10  stm32f4xx_usart.o(.text)
    USART_HalfDuplexCmd                      0x08010da5   Thumb Code    24  stm32f4xx_usart.o(.text)
    USART_SetGuardTime                       0x08010dbd   Thumb Code    16  stm32f4xx_usart.o(.text)
    USART_SmartCardCmd                       0x08010dcd   Thumb Code    24  stm32f4xx_usart.o(.text)
    USART_SmartCardNACKCmd                   0x08010de5   Thumb Code    24  stm32f4xx_usart.o(.text)
    USART_IrDAConfig                         0x08010dfd   Thumb Code    18  stm32f4xx_usart.o(.text)
    USART_IrDACmd                            0x08010e0f   Thumb Code    24  stm32f4xx_usart.o(.text)
    USART_DMACmd                             0x08010e27   Thumb Code    18  stm32f4xx_usart.o(.text)
    USART_ITConfig                           0x08010e39   Thumb Code    74  stm32f4xx_usart.o(.text)
    USART_GetITStatus                        0x08010e83   Thumb Code   110  stm32f4xx_usart.o(.text)
    USART_ClearITPendingBit                  0x08010ef1   Thumb Code    30  stm32f4xx_usart.o(.text)
    CAN_DeInit                               0x08010f11   Thumb Code    50  stm32f4xx_can.o(.text)
    CAN_Init                                 0x08010f43   Thumb Code   276  stm32f4xx_can.o(.text)
    CAN_FilterInit                           0x08011057   Thumb Code   258  stm32f4xx_can.o(.text)
    CAN_StructInit                           0x08011159   Thumb Code    32  stm32f4xx_can.o(.text)
    CAN_SlaveStartBank                       0x08011179   Thumb Code    48  stm32f4xx_can.o(.text)
    CAN_DBGFreeze                            0x080111a9   Thumb Code    22  stm32f4xx_can.o(.text)
    CAN_TTComModeCmd                         0x080111bf   Thumb Code   118  stm32f4xx_can.o(.text)
    CAN_Transmit                             0x08011235   Thumb Code   304  stm32f4xx_can.o(.text)
    CAN_TransmitStatus                       0x08011365   Thumb Code   138  stm32f4xx_can.o(.text)
    CAN_CancelTransmit                       0x080113ef   Thumb Code    48  stm32f4xx_can.o(.text)
    CAN_Receive                              0x0801141f   Thumb Code   240  stm32f4xx_can.o(.text)
    CAN_FIFORelease                          0x0801150f   Thumb Code    22  stm32f4xx_can.o(.text)
    CAN_MessagePending                       0x08011525   Thumb Code    30  stm32f4xx_can.o(.text)
    CAN_OperatingModeRequest                 0x08011543   Thumb Code   162  stm32f4xx_can.o(.text)
    CAN_Sleep                                0x080115e5   Thumb Code    30  stm32f4xx_can.o(.text)
    CAN_WakeUp                               0x08011603   Thumb Code    48  stm32f4xx_can.o(.text)
    CAN_GetLastErrorCode                     0x08011633   Thumb Code    12  stm32f4xx_can.o(.text)
    CAN_GetReceiveErrorCounter               0x0801163f   Thumb Code    10  stm32f4xx_can.o(.text)
    CAN_GetLSBTransmitErrorCounter           0x08011649   Thumb Code    12  stm32f4xx_can.o(.text)
    CAN_ITConfig                             0x08011655   Thumb Code    18  stm32f4xx_can.o(.text)
    CAN_GetFlagStatus                        0x08011667   Thumb Code   120  stm32f4xx_can.o(.text)
    CAN_ClearFlag                            0x080116df   Thumb Code    52  stm32f4xx_can.o(.text)
    CAN_GetITStatus                          0x08011725   Thumb Code   310  stm32f4xx_can.o(.text)
    CAN_ClearITPendingBit                    0x0801185b   Thumb Code   162  stm32f4xx_can.o(.text)
    DMA_DeInit                               0x08011901   Thumb Code   324  stm32f4xx_dma.o(.text)
    DMA_Init                                 0x08011a45   Thumb Code    82  stm32f4xx_dma.o(.text)
    DMA_StructInit                           0x08011a97   Thumb Code    34  stm32f4xx_dma.o(.text)
    DMA_Cmd                                  0x08011ab9   Thumb Code    22  stm32f4xx_dma.o(.text)
    DMA_PeriphIncOffsetSizeConfig            0x08011acf   Thumb Code    22  stm32f4xx_dma.o(.text)
    DMA_FlowControllerConfig                 0x08011ae5   Thumb Code    22  stm32f4xx_dma.o(.text)
    DMA_SetCurrDataCounter                   0x08011afb   Thumb Code     4  stm32f4xx_dma.o(.text)
    DMA_GetCurrDataCounter                   0x08011aff   Thumb Code     8  stm32f4xx_dma.o(.text)
    DMA_DoubleBufferModeConfig               0x08011b07   Thumb Code    24  stm32f4xx_dma.o(.text)
    DMA_DoubleBufferModeCmd                  0x08011b1f   Thumb Code    22  stm32f4xx_dma.o(.text)
    DMA_MemoryTargetConfig                   0x08011b35   Thumb Code    10  stm32f4xx_dma.o(.text)
    DMA_GetCurrentMemoryTarget               0x08011b3f   Thumb Code    20  stm32f4xx_dma.o(.text)
    DMA_GetCmdStatus                         0x08011b53   Thumb Code    20  stm32f4xx_dma.o(.text)
    DMA_GetFIFOStatus                        0x08011b67   Thumb Code    12  stm32f4xx_dma.o(.text)
    DMA_GetFlagStatus                        0x08011b73   Thumb Code    56  stm32f4xx_dma.o(.text)
    DMA_ClearFlag                            0x08011bab   Thumb Code    40  stm32f4xx_dma.o(.text)
    DMA_ITConfig                             0x08011bd3   Thumb Code    58  stm32f4xx_dma.o(.text)
    DMA_GetITStatus                          0x08011c0d   Thumb Code    84  stm32f4xx_dma.o(.text)
    DMA_ClearITPendingBit                    0x08011c61   Thumb Code    40  stm32f4xx_dma.o(.text)
    SPI_I2S_DeInit                           0x08011ca9   Thumb Code    76  stm32f4xx_spi.o(.text)
    SPI_Init                                 0x08011cf5   Thumb Code    60  stm32f4xx_spi.o(.text)
    I2S_Init                                 0x08011d31   Thumb Code   350  stm32f4xx_spi.o(.text)
    SPI_StructInit                           0x08011e8f   Thumb Code    24  stm32f4xx_spi.o(.text)
    I2S_StructInit                           0x08011ea7   Thumb Code    20  stm32f4xx_spi.o(.text)
    SPI_Cmd                                  0x08011ebb   Thumb Code    24  stm32f4xx_spi.o(.text)
    I2S_Cmd                                  0x08011ed3   Thumb Code    24  stm32f4xx_spi.o(.text)
    SPI_DataSizeConfig                       0x08011eeb   Thumb Code    18  stm32f4xx_spi.o(.text)
    SPI_BiDirectionalLineConfig              0x08011efd   Thumb Code    28  stm32f4xx_spi.o(.text)
    SPI_NSSInternalSoftwareConfig            0x08011f19   Thumb Code    30  stm32f4xx_spi.o(.text)
    SPI_SSOutputCmd                          0x08011f37   Thumb Code    24  stm32f4xx_spi.o(.text)
    SPI_TIModeCmd                            0x08011f4f   Thumb Code    24  stm32f4xx_spi.o(.text)
    I2S_FullDuplexConfig                     0x08011f67   Thumb Code    80  stm32f4xx_spi.o(.text)
    SPI_I2S_ReceiveData                      0x08011fb7   Thumb Code     6  stm32f4xx_spi.o(.text)
    SPI_I2S_SendData                         0x08011fbd   Thumb Code     4  stm32f4xx_spi.o(.text)
    SPI_CalculateCRC                         0x08011fc1   Thumb Code    24  stm32f4xx_spi.o(.text)
    SPI_TransmitCRC                          0x08011fd9   Thumb Code    10  stm32f4xx_spi.o(.text)
    SPI_GetCRC                               0x08011fe3   Thumb Code    16  stm32f4xx_spi.o(.text)
    SPI_GetCRCPolynomial                     0x08011ff3   Thumb Code     6  stm32f4xx_spi.o(.text)
    SPI_I2S_DMACmd                           0x08011ff9   Thumb Code    18  stm32f4xx_spi.o(.text)
    SPI_I2S_ITConfig                         0x0801200b   Thumb Code    32  stm32f4xx_spi.o(.text)
    SPI_I2S_GetFlagStatus                    0x0801202b   Thumb Code    18  stm32f4xx_spi.o(.text)
    SPI_I2S_ClearFlag                        0x0801203d   Thumb Code     6  stm32f4xx_spi.o(.text)
    SPI_I2S_GetITStatus                      0x08012043   Thumb Code    52  stm32f4xx_spi.o(.text)
    SPI_I2S_ClearITPendingBit                0x08012077   Thumb Code    42  stm32f4xx_spi.o(.text)
    __aeabi_memcpy                           0x080120a1   Thumb Code     0  rt_memcpy_v6.o(.text)
    __rt_memcpy                              0x080120a1   Thumb Code   138  rt_memcpy_v6.o(.text)
    _memcpy_lastbytes                        0x08012107   Thumb Code     0  rt_memcpy_v6.o(.text)
    __aeabi_memcpy4                          0x0801212b   Thumb Code     0  rt_memcpy_w.o(.text)
    __aeabi_memcpy8                          0x0801212b   Thumb Code     0  rt_memcpy_w.o(.text)
    __rt_memcpy_w                            0x0801212b   Thumb Code   100  rt_memcpy_w.o(.text)
    _memcpy_lastbytes_aligned                0x08012173   Thumb Code     0  rt_memcpy_w.o(.text)
    __use_two_region_memory                  0x0801218f   Thumb Code     2  heapauxi.o(.text)
    __rt_heap_escrow$2region                 0x08012191   Thumb Code     2  heapauxi.o(.text)
    __rt_heap_expand$2region                 0x08012193   Thumb Code     2  heapauxi.o(.text)
    __user_libspace                          0x08012195   Thumb Code     8  libspace.o(.text)
    __user_perproc_libspace                  0x08012195   Thumb Code     0  libspace.o(.text)
    __user_perthread_libspace                0x08012195   Thumb Code     0  libspace.o(.text)
    __user_setup_stackheap                   0x0801219d   Thumb Code    74  sys_stackheap_outer.o(.text)
    exit                                     0x080121e7   Thumb Code    18  exit.o(.text)
    _sys_exit                                0x080121f9   Thumb Code     8  sys_exit.o(.text)
    __I$use$semihosting                      0x08012205   Thumb Code     0  use_no_semi.o(.text)
    __use_no_semihosting_swi                 0x08012205   Thumb Code     2  use_no_semi.o(.text)
    __ARM_fpclassifyf                        0x08012207   Thumb Code    38  fpclassifyf.o(i.__ARM_fpclassifyf)
    __semihosting_library_function           0x08012207   Thumb Code     0  indicate_semi.o(.text)
    __hardfp_atan2f                          0x0801222d   Thumb Code   502  atan2f.o(i.__hardfp_atan2f)
    __hardfp_fabs                            0x0801247d   Thumb Code    20  fabs.o(i.__hardfp_fabs)
    __mathlib_flt_infnan2                    0x08012491   Thumb Code     6  funder.o(i.__mathlib_flt_infnan2)
    __mathlib_flt_underflow                  0x08012499   Thumb Code    10  funder.o(i.__mathlib_flt_underflow)
    __aeabi_d2f                              0x080124a9   Thumb Code     0  d2f.o(x$fpl$d2f)
    _d2f                                     0x080124a9   Thumb Code    98  d2f.o(x$fpl$d2f)
    __aeabi_dadd                             0x0801250d   Thumb Code     0  daddsub_clz.o(x$fpl$dadd)
    _dadd                                    0x0801250d   Thumb Code   332  daddsub_clz.o(x$fpl$dadd)
    __fpl_dcmp_Inf                           0x0801265d   Thumb Code    24  dcmpi.o(x$fpl$dcmpinf)
    __aeabi_ddiv                             0x08012675   Thumb Code     0  ddiv.o(x$fpl$ddiv)
    _ddiv                                    0x08012675   Thumb Code   552  ddiv.o(x$fpl$ddiv)
    __aeabi_cdcmple                          0x08012925   Thumb Code     0  dleqf.o(x$fpl$dleqf)
    _dcmple                                  0x08012925   Thumb Code   120  dleqf.o(x$fpl$dleqf)
    __fpl_dcmple_InfNaN                      0x08012987   Thumb Code     0  dleqf.o(x$fpl$dleqf)
    __aeabi_dmul                             0x0801299d   Thumb Code     0  dmul.o(x$fpl$dmul)
    _dmul                                    0x0801299d   Thumb Code   332  dmul.o(x$fpl$dmul)
    __fpl_dnaninf                            0x08012af1   Thumb Code   156  dnaninf.o(x$fpl$dnaninf)
    __fpl_dretinf                            0x08012b8d   Thumb Code    12  dretinf.o(x$fpl$dretinf)
    __aeabi_cdrcmple                         0x08012b99   Thumb Code     0  drleqf.o(x$fpl$drleqf)
    _drcmple                                 0x08012b99   Thumb Code   108  drleqf.o(x$fpl$drleqf)
    __aeabi_dsub                             0x08012c05   Thumb Code     0  daddsub_clz.o(x$fpl$dsub)
    _dsub                                    0x08012c05   Thumb Code   464  daddsub_clz.o(x$fpl$dsub)
    __aeabi_f2d                              0x08012dd9   Thumb Code     0  f2d.o(x$fpl$f2d)
    _f2d                                     0x08012dd9   Thumb Code    86  f2d.o(x$fpl$f2d)
    __fpl_fnaninf                            0x08012e2f   Thumb Code   140  fnaninf.o(x$fpl$fnaninf)
    _fp_init                                 0x08012ebb   Thumb Code    10  fpinit.o(x$fpl$fpinit)
    __fplib_config_fpu_vfp                   0x08012ec3   Thumb Code     0  fpinit.o(x$fpl$fpinit)
    __fplib_config_pureend_doubles           0x08012ec3   Thumb Code     0  fpinit.o(x$fpl$fpinit)
    __fpl_fretinf                            0x08012ec5   Thumb Code    10  fretinf.o(x$fpl$fretinf)
    __I$use$fp                               0x08012ece   Number         0  usenofp.o(x$fpl$usenofp)
    OSDebugEn                                0x08012ee0   Data           2  os_dbg.o(.constdata)
    OSEndiannessTest                         0x08012ee4   Data           4  os_dbg.o(.constdata)
    OSEventEn                                0x08012ee8   Data           2  os_dbg.o(.constdata)
    OSEventMax                               0x08012eea   Data           2  os_dbg.o(.constdata)
    OSEventNameEn                            0x08012eec   Data           2  os_dbg.o(.constdata)
    OSEventSize                              0x08012eee   Data           2  os_dbg.o(.constdata)
    OSEventTblSize                           0x08012ef0   Data           2  os_dbg.o(.constdata)
    OSEventMultiEn                           0x08012ef2   Data           2  os_dbg.o(.constdata)
    OSFlagEn                                 0x08012ef4   Data           2  os_dbg.o(.constdata)
    OSFlagGrpSize                            0x08012ef6   Data           2  os_dbg.o(.constdata)
    OSFlagNodeSize                           0x08012ef8   Data           2  os_dbg.o(.constdata)
    OSFlagWidth                              0x08012efa   Data           2  os_dbg.o(.constdata)
    OSFlagMax                                0x08012efc   Data           2  os_dbg.o(.constdata)
    OSFlagNameEn                             0x08012efe   Data           2  os_dbg.o(.constdata)
    OSLowestPrio                             0x08012f00   Data           2  os_dbg.o(.constdata)
    OSMboxEn                                 0x08012f02   Data           2  os_dbg.o(.constdata)
    OSMemEn                                  0x08012f04   Data           2  os_dbg.o(.constdata)
    OSMemMax                                 0x08012f06   Data           2  os_dbg.o(.constdata)
    OSMemNameEn                              0x08012f08   Data           2  os_dbg.o(.constdata)
    OSMemSize                                0x08012f0a   Data           2  os_dbg.o(.constdata)
    OSMemTblSize                             0x08012f0c   Data           2  os_dbg.o(.constdata)
    OSMutexEn                                0x08012f0e   Data           2  os_dbg.o(.constdata)
    OSPtrSize                                0x08012f10   Data           2  os_dbg.o(.constdata)
    OSQEn                                    0x08012f12   Data           2  os_dbg.o(.constdata)
    OSQMax                                   0x08012f14   Data           2  os_dbg.o(.constdata)
    OSQSize                                  0x08012f16   Data           2  os_dbg.o(.constdata)
    OSRdyTblSize                             0x08012f18   Data           2  os_dbg.o(.constdata)
    OSSemEn                                  0x08012f1a   Data           2  os_dbg.o(.constdata)
    OSStkWidth                               0x08012f1c   Data           2  os_dbg.o(.constdata)
    OSTaskCreateEn                           0x08012f1e   Data           2  os_dbg.o(.constdata)
    OSTaskCreateExtEn                        0x08012f20   Data           2  os_dbg.o(.constdata)
    OSTaskDelEn                              0x08012f22   Data           2  os_dbg.o(.constdata)
    OSTaskIdleStkSize                        0x08012f24   Data           2  os_dbg.o(.constdata)
    OSTaskProfileEn                          0x08012f26   Data           2  os_dbg.o(.constdata)
    OSTaskMax                                0x08012f28   Data           2  os_dbg.o(.constdata)
    OSTaskNameEn                             0x08012f2a   Data           2  os_dbg.o(.constdata)
    OSTaskStatEn                             0x08012f2c   Data           2  os_dbg.o(.constdata)
    OSTaskStatStkSize                        0x08012f2e   Data           2  os_dbg.o(.constdata)
    OSTaskStatStkChkEn                       0x08012f30   Data           2  os_dbg.o(.constdata)
    OSTaskSwHookEn                           0x08012f32   Data           2  os_dbg.o(.constdata)
    OSTaskRegTblSize                         0x08012f34   Data           2  os_dbg.o(.constdata)
    OSTCBPrioTblMax                          0x08012f36   Data           2  os_dbg.o(.constdata)
    OSTCBSize                                0x08012f38   Data           2  os_dbg.o(.constdata)
    OSTicksPerSec                            0x08012f3a   Data           2  os_dbg.o(.constdata)
    OSTimeTickHookEn                         0x08012f3c   Data           2  os_dbg.o(.constdata)
    OSVersionNbr                             0x08012f3e   Data           2  os_dbg.o(.constdata)
    OSTmrEn                                  0x08012f40   Data           2  os_dbg.o(.constdata)
    OSTmrCfgMax                              0x08012f42   Data           2  os_dbg.o(.constdata)
    OSTmrCfgNameEn                           0x08012f44   Data           2  os_dbg.o(.constdata)
    OSTmrCfgWheelSize                        0x08012f46   Data           2  os_dbg.o(.constdata)
    OSTmrCfgTicksPerSec                      0x08012f48   Data           2  os_dbg.o(.constdata)
    OSTmrSize                                0x08012f4a   Data           2  os_dbg.o(.constdata)
    OSTmrTblSize                             0x08012f4c   Data           2  os_dbg.o(.constdata)
    OSTmrWheelSize                           0x08012f4e   Data           2  os_dbg.o(.constdata)
    OSTmrWheelTblSize                        0x08012f50   Data           2  os_dbg.o(.constdata)
    OSDataSize                               0x08012f52   Data           2  os_dbg.o(.constdata)
    OSUnMapTbl                               0x08012f54   Data         256  os_core.o(.constdata)
    Region$$Table$$Base                      0x08013054   Number         0  anon$$obj.o(Region$$Table)
    Region$$Table$$Limit                     0x08013074   Number         0  anon$$obj.o(Region$$Table)
    getRobotModeFlag                         0x20000000   Data           1  task.o(.data)
    waitForFetchArrow                        0x20000004   Data           4  task.o(.data)
    PeriodSem                                0x20000008   Data           4  task.o(.data)
    ResetPeriodSem                           0x2000000c   Data           4  task.o(.data)
    velGetTest                               0x20000010   Data           4  task.o(.data)
    photoLevel                               0x20000014   Data           4  task.o(.data)
    photoCnt                                 0x20000018   Data           1  task.o(.data)
    timeCnt                                  0x2000001c   Data           4  task.o(.data)
    timeCounter                              0x20000020   Data           4  task.o(.data)
    loadCnt                                  0x20000024   Data           2  task.o(.data)
    pitchCnt                                 0x20000028   Data           4  task.o(.data)
    magentHigh                               0x2000002c   Data           4  task.o(.data)
    modeCnt                                  0x20000030   Data           4  task.o(.data)
    pccommCnt                                0x20000034   Data           4  task.o(.data)
    maxMotorSet                              0x20000038   Data           4  task.o(.data)
    slowMotorSet                             0x2000003c   Data           4  task.o(.data)
    disableCnt                               0x20000040   Data           1  task.o(.data)
    disableOne                               0x20000041   Data           1  task.o(.data)
    enableCnt                                0x20000042   Data           1  task.o(.data)
    turnAble                                 0x20000043   Data           1  task.o(.data)
    momVel                                   0x20000044   Data           4  task.o(.data)
    lastAngleVel                             0x20000048   Data           4  task.o(.data)
    uAngleOut                                0x2000004c   Data           4  task.o(.data)
    uAngleKpOut                              0x20000050   Data           4  task.o(.data)
    uAngleKdOut                              0x20000054   Data           4  task.o(.data)
    uVelOut                                  0x20000058   Data           4  task.o(.data)
    uVelKpOut                                0x2000005c   Data           4  task.o(.data)
    uVelKiOut                                0x20000060   Data           4  task.o(.data)
    uChangeFlag                              0x20000064   Data           4  task.o(.data)
    waitCnt                                  0x20000068   Data           1  task.o(.data)
    appCnt                                   0x2000006c   Data           4  task.o(.data)
    potLine                                  0x20000070   Data           5  task.o(.data)
    canReceiveMsg                            0x2000008c   Data           8  stm32f4xx_it.o(.data)
    dataLen                                  0x20000094   Data           4  stm32f4xx_it.o(.data)
    dataTrans                                0x20000098   Data           4  stm32f4xx_it.o(.data)
    loadArrowCnt                             0x2000009c   Data           4  stm32f4xx_it.o(.data)
    appRecDelay                              0x200000a0   Data           2  stm32f4xx_it.o(.data)
    vChanFlag                                0x200000a2   Data           5  stm32f4xx_it.o(.data)
    gyroReturn                               0x200000c4   Data           4  pps.o(.data)
    DebugUSARTSendBuffCnt                    0x200000ce   Data           2  dma.o(.data)
    ArcheryTestMode                          0x200000d4   Data           4  movebase.o(.data)
    loadArrowCircleCnt                       0x20000104   Data           1  archery.o(.data)
    loadFlag                                 0x20000105   Data           1  archery.o(.data)
    enableState                              0x20000106   Data           1  archery.o(.data)
    countPro                                 0x20000107   Data           1  archery.o(.data)
    loadStep                                 0x20000108   Data           1  archery.o(.data)
    shootStep                                0x20000109   Data           1  archery.o(.data)
    visionStep                               0x2000010a   Data           1  archery.o(.data)
    turnFlag                                 0x2000010b   Data           1  archery.o(.data)
    waveFlag                                 0x2000010c   Data           1  archery.o(.data)
    shootFlag                                0x2000010d   Data           1  archery.o(.data)
    visionFlag                               0x2000010e   Data           1  archery.o(.data)
    disableFlag                              0x2000010f   Data           1  archery.o(.data)
    down                                     0x20000110   Data           4  archery.o(.data)
    resetCount                               0x20000114   Data           4  archery.o(.data)
    visionCount                              0x20000118   Data           4  archery.o(.data)
    waitStableCount                          0x2000011c   Data           4  archery.o(.data)
    waitUnstableCount                        0x20000120   Data           4  archery.o(.data)
    appShootFlag                             0x20000124   Data           4  archery.o(.data)
    appLoadFlag                              0x20000128   Data           4  archery.o(.data)
    resetCheckPos                            0x2000012c   Data           4  archery.o(.data)
    errorPos                                 0x20000130   Data           4  archery.o(.data)
    lastPos                                  0x20000134   Data           4  archery.o(.data)
    aimPos                                   0x20000138   Data           4  archery.o(.data)
    acc                                      0x2000013c   Data           4  archery.o(.data)
    accOne                                   0x20000140   Data           4  archery.o(.data)
    voltageRead                              0x20000144   Data           4  archery.o(.data)
    voltageTemp                              0x20000148   Data           4  archery.o(.data)
    resetDone                                0x2000014c   Data           1  archery.o(.data)
    potAssDone                               0x2000014d   Data           1  archery.o(.data)
    pitchDone                                0x2000014e   Data           1  archery.o(.data)
    turnDone                                 0x2000014f   Data           1  archery.o(.data)
    comDone                                  0x20000150   Data           1  archery.o(.data)
    operaRelease                             0x20000151   Data           1  archery.o(.data)
    recAppPitch                              0x20000154   Data           4  archery.o(.data)
    canShootFlag                             0x20000158   Data           1  archery.o(.data)
    Wtable                                   0x2000015c   Data           4  archery.o(.data)
    loadDoneFlag                             0x20000160   Data           4  archery.o(.data)
    appSendOnce                              0x20000164   Data           4  archery.o(.data)
    temporaryValue                           0x20000168   Data           4  archery.o(.data)
    loadMotorDone                            0x2000016c   Data           1  archery.o(.data)
    fetchPre                                 0x2000016d   Data           1  archery.o(.data)
    shootPitchAngSheet                       0x200001c0   Data          60  pot.o(.data)
    cvAngleToDisGet                          0x200001fc   Data          16  pot.o(.data)
    startB9P3disVelGet                       0x2000020c   Data          16  pot.o(.data)
    startB9P2BdisVelGet                      0x2000021c   Data          16  pot.o(.data)
    startB9P2AdisVelGet                      0x2000022c   Data          32  pot.o(.data)
    ar1B9P1AdisVelGet                        0x2000024c   Data          16  pot.o(.data)
    ar1B9P1BdisVelGet                        0x2000025c   Data          16  pot.o(.data)
    ar1B9P2AdisVelGet                        0x2000026c   Data         192  pot.o(.data)
    ar1B9P2BdisVelGet                        0x2000032c   Data         192  pot.o(.data)
    ar1B9P3disVelGet                         0x200003ec   Data         144  pot.o(.data)
    arB9P1AdisVelGet                         0x2000047c   Data          16  pot.o(.data)
    arB9P1BdisVelGet                         0x2000048c   Data          16  pot.o(.data)
    arB9P2AdisVelGet                         0x2000049c   Data         176  pot.o(.data)
    arB9P2BdisVelGet                         0x2000054c   Data         160  pot.o(.data)
    arB9P3disVelGet                          0x200005ec   Data          96  pot.o(.data)
    startB18P3disVelGet                      0x2000064c   Data          16  pot.o(.data)
    startB18P2BdisVelGet                     0x2000065c   Data          16  pot.o(.data)
    startB18P2AdisVelGet                     0x2000066c   Data          32  pot.o(.data)
    ar1B18P1AdisVelGet                       0x2000068c   Data          16  pot.o(.data)
    ar1B18P1BdisVelGet                       0x2000069c   Data          16  pot.o(.data)
    ar1B18P2AdisVelGet                       0x200006ac   Data         224  pot.o(.data)
    ar1B18P2BdisVelGet                       0x2000078c   Data         192  pot.o(.data)
    ar1B18P3disVelGet                        0x2000084c   Data         144  pot.o(.data)
    arB18P1AdisVelGet                        0x200008dc   Data          16  pot.o(.data)
    arB18P1BdisVelGet                        0x200008ec   Data          16  pot.o(.data)
    arB18P2AdisVelGet                        0x200008fc   Data         224  pot.o(.data)
    arB18P2BdisVelGet                        0x200009dc   Data         192  pot.o(.data)
    arB18P3disVelGet                         0x20000a9c   Data         144  pot.o(.data)
    startB9P3disVelGet_Blue                  0x20000b30   Data          24  blue.o(.data)
    startB9P2BdisVelGet_Blue                 0x20000b48   Data          32  blue.o(.data)
    startB9P2AdisVelGet_Blue                 0x20000b68   Data          24  blue.o(.data)
    startB18P3disVelGet_Blue                 0x20000b80   Data          24  blue.o(.data)
    startB18P2BdisVelGet_Blue                0x20000b98   Data          32  blue.o(.data)
    startB18P2AdisVelGet_Blue                0x20000bb8   Data          24  blue.o(.data)
    ar1B9P1AdisVelGet_Blue                   0x20000bd0   Data          16  blue.o(.data)
    ar1B9P1BdisVelGet_Blue                   0x20000be0   Data          16  blue.o(.data)
    ar1B9P2AdisVelGet_Blue                   0x20000bf0   Data         192  blue.o(.data)
    ar1B9P2BdisVelGet_Blue                   0x20000cb0   Data         192  blue.o(.data)
    ar1B9P3disVelGet_Blue                    0x20000d70   Data         144  blue.o(.data)
    arB9P1AdisVelGet_Blue                    0x20000e00   Data          16  blue.o(.data)
    arB9P1BdisVelGet_Blue                    0x20000e10   Data          16  blue.o(.data)
    arB9P2AdisVelGet_Blue                    0x20000e20   Data         176  blue.o(.data)
    arB9P2BdisVelGet_Blue                    0x20000ed0   Data         160  blue.o(.data)
    arB9P3disVelGet_Blue                     0x20000f70   Data          96  blue.o(.data)
    ar1B18P1AdisVelGet_Blue                  0x20000fd0   Data          16  blue.o(.data)
    ar1B18P1BdisVelGet_Blue                  0x20000fe0   Data          16  blue.o(.data)
    ar1B18P2AdisVelGet_Blue                  0x20000ff0   Data         240  blue.o(.data)
    ar1B18P2BdisVelGet_Blue                  0x200010e0   Data         200  blue.o(.data)
    ar1B18P3disVelGet_Blue                   0x200011a8   Data          96  blue.o(.data)
    arB18P1AdisVelGet_Blue                   0x20001208   Data          16  blue.o(.data)
    arB18P1BdisVelGet_Blue                   0x20001218   Data          16  blue.o(.data)
    arB18P2AdisVelGet_Blue                   0x20001228   Data         240  blue.o(.data)
    arB18P2BdisVelGet_Blue                   0x20001318   Data         200  blue.o(.data)
    arB18P3disVelGet_Blue                    0x200013e0   Data          96  blue.o(.data)
    balanceAngle                             0x20001440   Data           4  momentum.o(.data)
    SystemCoreClock                          0x20001464   Data           4  system_stm32f4xx.o(.data)
    AHBPrescTable                            0x20001468   Data          16  system_stm32f4xx.o(.data)
    OS_CPU_ExceptStkBase                     0x20001478   Data           4  os_cpu_c.o(.data)
    OSCtxSwCtr                               0x20001480   Data           4  os_core.o(.data)
    OSEventFreeList                          0x20001484   Data           4  os_core.o(.data)
    OSFlagFreeList                           0x20001488   Data           4  os_core.o(.data)
    OSCPUUsage                               0x2000148c   Data           1  os_core.o(.data)
    OSIdleCtrMax                             0x20001490   Data           4  os_core.o(.data)
    OSIdleCtrRun                             0x20001494   Data           4  os_core.o(.data)
    OSStatRdy                                0x20001498   Data           1  os_core.o(.data)
    OSIntNesting                             0x20001499   Data           1  os_core.o(.data)
    OSLockNesting                            0x2000149a   Data           1  os_core.o(.data)
    OSPrioCur                                0x2000149b   Data           1  os_core.o(.data)
    OSPrioHighRdy                            0x2000149c   Data           1  os_core.o(.data)
    OSRdyGrp                                 0x2000149d   Data           1  os_core.o(.data)
    OSRdyTbl                                 0x2000149e   Data           8  os_core.o(.data)
    OSRunning                                0x200014a6   Data           1  os_core.o(.data)
    OSTaskCtr                                0x200014a7   Data           1  os_core.o(.data)
    OSIdleCtr                                0x200014a8   Data           4  os_core.o(.data)
    OSTCBCur                                 0x200014ac   Data           4  os_core.o(.data)
    OSTCBFreeList                            0x200014b0   Data           4  os_core.o(.data)
    OSTCBHighRdy                             0x200014b4   Data           4  os_core.o(.data)
    OSTCBList                                0x200014b8   Data           4  os_core.o(.data)
    OSTickStepState                          0x200014bc   Data           1  os_core.o(.data)
    OSMemFreeList                            0x200014c0   Data           4  os_core.o(.data)
    OSQFreeList                              0x200014c4   Data           4  os_core.o(.data)
    OSTime                                   0x200014c8   Data           4  os_core.o(.data)
    OSTmrFree                                0x200014cc   Data           2  os_core.o(.data)
    OSTmrUsed                                0x200014ce   Data           2  os_core.o(.data)
    OSTmrTime                                0x200014d0   Data           4  os_core.o(.data)
    OSTmrSem                                 0x200014d4   Data           4  os_core.o(.data)
    OSTmrSemSignal                           0x200014d8   Data           4  os_core.o(.data)
    OSTmrFreeList                            0x200014dc   Data           4  os_core.o(.data)
    recData                                  0x20002cf0   Data          12  stm32f4xx_it.o(.bss)
    DebugUSARTSendBuf                        0x20002d2c   Data         400  dma.o(.bss)
    DebugUSARTDMASendBuf                     0x20002ebc   Data         400  dma.o(.bss)
    oneWheelMsg                              0x2000304c   Data          68  movebase.o(.bss)
    twoWheelMsg                              0x20003090   Data          68  movebase.o(.bss)
    thrWheelMsg                              0x200030d4   Data          68  movebase.o(.bss)
    oneTurnMsg                               0x20003118   Data          68  movebase.o(.bss)
    twoTurnMsg                               0x2000315c   Data          68  movebase.o(.bss)
    thrTurnMsg                               0x200031a0   Data          68  movebase.o(.bss)
    turnTableMsg                             0x200031e4   Data          68  movebase.o(.bss)
    loadArrowMsg                             0x20003228   Data          68  movebase.o(.bss)
    shootArrowMsg                            0x2000326c   Data          68  movebase.o(.bss)
    archeryPitchMsg                          0x200032b0   Data          68  movebase.o(.bss)
    gRobot                                   0x200032f4   Data         712  robot.o(.bss)
    sendMsg                                  0x200035bc   Data          57  pccomm.o(.bss)
    receiveMsg                               0x200035f5   Data          57  pccomm.o(.bss)
    shootPara                                0x20003630   Data          24  archery.o(.bss)
    imuPara                                  0x20003648   Data          12  archery.o(.bss)
    shootPosPara                             0x20003654   Data          32  pid.o(.bss)
    takePosPara                              0x20003674   Data          32  pid.o(.bss)
    tTablePosPara                            0x20003694   Data          32  pid.o(.bss)
    elevatorPosPara                          0x200036b4   Data          32  pid.o(.bss)
    OS_CPU_ExceptStk                         0x200036d4   Data         512  os_cpu_c.o(.bss)
    OSEventTbl                               0x200038d4   Data        1440  os_core.o(.bss)
    OSFlagTbl                                0x20003e74   Data          80  os_core.o(.bss)
    OSTaskStatStk                            0x20003ec4   Data         512  os_core.o(.bss)
    OSTaskIdleStk                            0x200040c4   Data         512  os_core.o(.bss)
    OSTCBPrioTbl                             0x200042c4   Data         256  os_core.o(.bss)
    OSTCBTbl                                 0x200043c4   Data        2816  os_core.o(.bss)
    OSMemTbl                                 0x20004ec4   Data         120  os_core.o(.bss)
    OSQTbl                                   0x20004f3c   Data          96  os_core.o(.bss)
    OSTmrTbl                                 0x20004f9c   Data         640  os_core.o(.bss)
    OSTmrTaskStk                             0x2000521c   Data         512  os_core.o(.bss)
    OSTmrWheelTbl                            0x2000541c   Data          64  os_core.o(.bss)
    __libspace_start                         0x2000545c   Data          96  libspace.o(.bss)
    __temporary_stack_top$libspace           0x200054bc   Data           0  libspace.o(.bss)



==============================================================================

Memory Map of the image

  Image Entry point : 0x08000189

  Load Region LR_IROM1 (Base: 0x08000000, Size: 0x00014564, Max: 0x00100000, ABSOLUTE, COMPRESSED[0x000135fc])

    Execution Region ER_IROM1 (Exec base: 0x08000000, Load base: 0x08000000, Size: 0x00013074, Max: 0x00100000, ABSOLUTE)

    Exec Addr    Load Addr    Size         Type   Attr      Idx    E Section Name        Object

    0x08000000   0x08000000   0x00000188   Data   RO          934    RESET               startup_stm32f4xx.o
    0x08000188   0x08000188   0x00000008   Code   RO         1481  * !!!main             c_w.l(__main.o)
    0x08000190   0x08000190   0x00000034   Code   RO         1712    !!!scatter          c_w.l(__scatter.o)
    0x080001c4   0x080001c4   0x00000064   Code   RO         1710    !!dclz77c           c_w.l(__dclz77c.o)
    0x08000228   0x08000228   0x0000001c   Code   RO         1714    !!handler_zi        c_w.l(__scatter_zi.o)
    0x08000244   0x08000244   0x00000002   Code   RO         1583    .ARM.Collect$$libinit$$00000000  c_w.l(libinit.o)
    0x08000246   0x08000246   0x00000004   Code   RO         1586    .ARM.Collect$$libinit$$00000001  c_w.l(libinit2.o)
    0x0800024a   0x0800024a   0x00000000   Code   RO         1589    .ARM.Collect$$libinit$$00000004  c_w.l(libinit2.o)
    0x0800024a   0x0800024a   0x00000000   Code   RO         1592    .ARM.Collect$$libinit$$0000000A  c_w.l(libinit2.o)
    0x0800024a   0x0800024a   0x00000000   Code   RO         1594    .ARM.Collect$$libinit$$0000000C  c_w.l(libinit2.o)
    0x0800024a   0x0800024a   0x00000000   Code   RO         1596    .ARM.Collect$$libinit$$0000000E  c_w.l(libinit2.o)
    0x0800024a   0x0800024a   0x00000000   Code   RO         1599    .ARM.Collect$$libinit$$00000011  c_w.l(libinit2.o)
    0x0800024a   0x0800024a   0x00000000   Code   RO         1601    .ARM.Collect$$libinit$$00000013  c_w.l(libinit2.o)
    0x0800024a   0x0800024a   0x00000000   Code   RO         1603    .ARM.Collect$$libinit$$00000015  c_w.l(libinit2.o)
    0x0800024a   0x0800024a   0x00000000   Code   RO         1605    .ARM.Collect$$libinit$$00000017  c_w.l(libinit2.o)
    0x0800024a   0x0800024a   0x00000000   Code   RO         1607    .ARM.Collect$$libinit$$00000019  c_w.l(libinit2.o)
    0x0800024a   0x0800024a   0x00000000   Code   RO         1609    .ARM.Collect$$libinit$$0000001B  c_w.l(libinit2.o)
    0x0800024a   0x0800024a   0x00000000   Code   RO         1611    .ARM.Collect$$libinit$$0000001D  c_w.l(libinit2.o)
    0x0800024a   0x0800024a   0x00000000   Code   RO         1613    .ARM.Collect$$libinit$$0000001F  c_w.l(libinit2.o)
    0x0800024a   0x0800024a   0x00000000   Code   RO         1615    .ARM.Collect$$libinit$$00000021  c_w.l(libinit2.o)
    0x0800024a   0x0800024a   0x00000000   Code   RO         1617    .ARM.Collect$$libinit$$00000023  c_w.l(libinit2.o)
    0x0800024a   0x0800024a   0x00000000   Code   RO         1619    .ARM.Collect$$libinit$$00000025  c_w.l(libinit2.o)
    0x0800024a   0x0800024a   0x00000000   Code   RO         1623    .ARM.Collect$$libinit$$0000002C  c_w.l(libinit2.o)
    0x0800024a   0x0800024a   0x00000000   Code   RO         1625    .ARM.Collect$$libinit$$0000002E  c_w.l(libinit2.o)
    0x0800024a   0x0800024a   0x00000000   Code   RO         1627    .ARM.Collect$$libinit$$00000030  c_w.l(libinit2.o)
    0x0800024a   0x0800024a   0x00000000   Code   RO         1629    .ARM.Collect$$libinit$$00000032  c_w.l(libinit2.o)
    0x0800024a   0x0800024a   0x00000002   Code   RO         1630    .ARM.Collect$$libinit$$00000033  c_w.l(libinit2.o)
    0x0800024c   0x0800024c   0x00000002   Code   RO         1650    .ARM.Collect$$libshutdown$$00000000  c_w.l(libshutdown.o)
    0x0800024e   0x0800024e   0x00000000   Code   RO         1663    .ARM.Collect$$libshutdown$$00000002  c_w.l(libshutdown2.o)
    0x0800024e   0x0800024e   0x00000000   Code   RO         1665    .ARM.Collect$$libshutdown$$00000004  c_w.l(libshutdown2.o)
    0x0800024e   0x0800024e   0x00000000   Code   RO         1668    .ARM.Collect$$libshutdown$$00000007  c_w.l(libshutdown2.o)
    0x0800024e   0x0800024e   0x00000000   Code   RO         1671    .ARM.Collect$$libshutdown$$0000000A  c_w.l(libshutdown2.o)
    0x0800024e   0x0800024e   0x00000000   Code   RO         1673    .ARM.Collect$$libshutdown$$0000000C  c_w.l(libshutdown2.o)
    0x0800024e   0x0800024e   0x00000000   Code   RO         1676    .ARM.Collect$$libshutdown$$0000000F  c_w.l(libshutdown2.o)
    0x0800024e   0x0800024e   0x00000002   Code   RO         1677    .ARM.Collect$$libshutdown$$00000010  c_w.l(libshutdown2.o)
    0x08000250   0x08000250   0x00000000   Code   RO         1521    .ARM.Collect$$rtentry$$00000000  c_w.l(__rtentry.o)
    0x08000250   0x08000250   0x00000000   Code   RO         1552    .ARM.Collect$$rtentry$$00000002  c_w.l(__rtentry2.o)
    0x08000250   0x08000250   0x00000006   Code   RO         1564    .ARM.Collect$$rtentry$$00000004  c_w.l(__rtentry4.o)
    0x08000256   0x08000256   0x00000000   Code   RO         1554    .ARM.Collect$$rtentry$$00000009  c_w.l(__rtentry2.o)
    0x08000256   0x08000256   0x00000004   Code   RO         1555    .ARM.Collect$$rtentry$$0000000A  c_w.l(__rtentry2.o)
    0x0800025a   0x0800025a   0x00000000   Code   RO         1557    .ARM.Collect$$rtentry$$0000000C  c_w.l(__rtentry2.o)
    0x0800025a   0x0800025a   0x00000008   Code   RO         1558    .ARM.Collect$$rtentry$$0000000D  c_w.l(__rtentry2.o)
    0x08000262   0x08000262   0x00000002   Code   RO         1584    .ARM.Collect$$rtexit$$00000000  c_w.l(rtexit.o)
    0x08000264   0x08000264   0x00000000   Code   RO         1632    .ARM.Collect$$rtexit$$00000002  c_w.l(rtexit2.o)
    0x08000264   0x08000264   0x00000004   Code   RO         1633    .ARM.Collect$$rtexit$$00000003  c_w.l(rtexit2.o)
    0x08000268   0x08000268   0x00000006   Code   RO         1634    .ARM.Collect$$rtexit$$00000004  c_w.l(rtexit2.o)
    0x0800026e   0x0800026e   0x00000002   PAD
    0x08000270   0x08000270   0x00000074   Code   RO            4    .text               main.o
    0x080002e4   0x080002e4   0x00000ce4   Code   RO          102    .text               task.o
    0x08000fc8   0x08000fc8   0x00000e74   Code   RO          226    .text               stm32f4xx_it.o
    0x08001e3c   0x08001e3c   0x0000018c   Code   RO          268    .text               gpio.o
    0x08001fc8   0x08001fc8   0x00000718   Code   RO          292    .text               timer.o
    0x080026e0   0x080026e0   0x000005d0   Code   RO          317    .text               usart.o
    0x08002cb0   0x08002cb0   0x00000460   Code   RO          348    .text               can.o
    0x08003110   0x08003110   0x000003e0   Code   RO          378    .text               spi.o
    0x080034f0   0x080034f0   0x00000468   Code   RO          405    .text               pps.o
    0x08003958   0x08003958   0x00000ccc   Code   RO          436    .text               dma.o
    0x08004624   0x08004624   0x00001cb4   Code   RO          475    .text               driver.o
    0x080062d8   0x080062d8   0x00000d14   Code   RO          518    .text               movebase.o
    0x08006fec   0x08006fec   0x00000074   Code   RO          578    .text               motorcontrol.o
    0x08007060   0x08007060   0x00002aa0   Code   RO          631    .text               archery.o
    0x08009b00   0x08009b00   0x000003d8   Code   RO          667    .text               pid.o
    0x08009ed8   0x08009ed8   0x00001170   Code   RO          761    .text               pot.o
    0x0800b048   0x0800b048   0x000003e0   Code   RO          825    .text               app.o
    0x0800b428   0x0800b428   0x000005f0   Code   RO          877    .text               momentum.o
    0x0800ba18   0x0800ba18   0x00000210   Code   RO          905    .text               system_stm32f4xx.o
    0x0800bc28   0x0800bc28   0x00000050   Code   RO          935    .text               startup_stm32f4xx.o
    0x0800bc78   0x0800bc78   0x000002c8   Code   RO          942    .text               os_cpu_c.o
    0x0800bf40   0x0800bf40   0x000000b8   Code   RO          974    .text               os_cpu_a.o
    0x0800bff8   0x0800bff8   0x0000015c   Code   RO          977    .text               os_dbg.o
    0x0800c154   0x0800c154   0x00000d50   Code   RO          992    .text               os_core.o
    0x0800cea4   0x0800cea4   0x00000864   Code   RO         1012    .text               os_flag.o
    0x0800d708   0x0800d708   0x00000258   Code   RO         1036    .text               os_mem.o
    0x0800d960   0x0800d960   0x00000654   Code   RO         1060    .text               os_q.o
    0x0800dfb4   0x0800dfb4   0x000003e0   Code   RO         1072    .text               os_sem.o
    0x0800e394   0x0800e394   0x0000090c   Code   RO         1084    .text               os_task.o
    0x0800eca0   0x0800eca0   0x000001d4   Code   RO         1096    .text               os_time.o
    0x0800ee74   0x0800ee74   0x000006e0   Code   RO         1108    .text               os_tmr.o
    0x0800f554   0x0800f554   0x00000012   Code   RO         1123    .text               os_apphooks.o
    0x0800f566   0x0800f566   0x00000002   PAD
    0x0800f568   0x0800f568   0x0000025c   Code   RO         1147    .text               stm32f4xx_gpio.o
    0x0800f7c4   0x0800f7c4   0x00000588   Code   RO         1171    .text               stm32f4xx_rcc.o
    0x0800fd4c   0x0800fd4c   0x000000e0   Code   RO         1197    .text               misc.o
    0x0800fe2c   0x0800fe2c   0x00000ca2   Code   RO         1221    .text               stm32f4xx_tim.o
    0x08010ace   0x08010ace   0x00000002   PAD
    0x08010ad0   0x08010ad0   0x0000043e   Code   RO         1245    .text               stm32f4xx_usart.o
    0x08010f0e   0x08010f0e   0x00000002   PAD
    0x08010f10   0x08010f10   0x000009f0   Code   RO         1269    .text               stm32f4xx_can.o
    0x08011900   0x08011900   0x000003a8   Code   RO         1293    .text               stm32f4xx_dma.o
    0x08011ca8   0x08011ca8   0x000003f8   Code   RO         1446    .text               stm32f4xx_spi.o
    0x080120a0   0x080120a0   0x0000008a   Code   RO         1471    .text               c_w.l(rt_memcpy_v6.o)
    0x0801212a   0x0801212a   0x00000064   Code   RO         1473    .text               c_w.l(rt_memcpy_w.o)
    0x0801218e   0x0801218e   0x00000006   Code   RO         1479    .text               c_w.l(heapauxi.o)
    0x08012194   0x08012194   0x00000008   Code   RO         1571    .text               c_w.l(libspace.o)
    0x0801219c   0x0801219c   0x0000004a   Code   RO         1574    .text               c_w.l(sys_stackheap_outer.o)
    0x080121e6   0x080121e6   0x00000012   Code   RO         1576    .text               c_w.l(exit.o)
    0x080121f8   0x080121f8   0x0000000c   Code   RO         1642    .text               c_w.l(sys_exit.o)
    0x08012204   0x08012204   0x00000002   Code   RO         1653    .text               c_w.l(use_no_semi.o)
    0x08012206   0x08012206   0x00000000   Code   RO         1655    .text               c_w.l(indicate_semi.o)
    0x08012206   0x08012206   0x00000026   Code   RO         1535    i.__ARM_fpclassifyf  m_wm.l(fpclassifyf.o)
    0x0801222c   0x0801222c   0x00000250   Code   RO         1503    i.__hardfp_atan2f   m_wm.l(atan2f.o)
    0x0801247c   0x0801247c   0x00000014   Code   RO         1515    i.__hardfp_fabs     m_wm.l(fabs.o)
    0x08012490   0x08012490   0x00000006   Code   RO         1539    i.__mathlib_flt_infnan2  m_wm.l(funder.o)
    0x08012496   0x08012496   0x00000002   PAD
    0x08012498   0x08012498   0x00000010   Code   RO         1543    i.__mathlib_flt_underflow  m_wm.l(funder.o)
    0x080124a8   0x080124a8   0x00000062   Code   RO         1483    x$fpl$d2f           fz_wm.l(d2f.o)
    0x0801250a   0x0801250a   0x00000002   PAD
    0x0801250c   0x0801250c   0x00000150   Code   RO         1485    x$fpl$dadd          fz_wm.l(daddsub_clz.o)
    0x0801265c   0x0801265c   0x00000018   Code   RO         1524    x$fpl$dcmpinf       fz_wm.l(dcmpi.o)
    0x08012674   0x08012674   0x000002b0   Code   RO         1492    x$fpl$ddiv          fz_wm.l(ddiv.o)
    0x08012924   0x08012924   0x00000078   Code   RO         1495    x$fpl$dleqf         fz_wm.l(dleqf.o)
    0x0801299c   0x0801299c   0x00000154   Code   RO         1497    x$fpl$dmul          fz_wm.l(dmul.o)
    0x08012af0   0x08012af0   0x0000009c   Code   RO         1526    x$fpl$dnaninf       fz_wm.l(dnaninf.o)
    0x08012b8c   0x08012b8c   0x0000000c   Code   RO         1528    x$fpl$dretinf       fz_wm.l(dretinf.o)
    0x08012b98   0x08012b98   0x0000006c   Code   RO         1499    x$fpl$drleqf        fz_wm.l(drleqf.o)
    0x08012c04   0x08012c04   0x000001d4   Code   RO         1487    x$fpl$dsub          fz_wm.l(daddsub_clz.o)
    0x08012dd8   0x08012dd8   0x00000056   Code   RO         1501    x$fpl$f2d           fz_wm.l(f2d.o)
    0x08012e2e   0x08012e2e   0x0000008c   Code   RO         1530    x$fpl$fnaninf       fz_wm.l(fnaninf.o)
    0x08012eba   0x08012eba   0x0000000a   Code   RO         1640    x$fpl$fpinit        fz_wm.l(fpinit.o)
    0x08012ec4   0x08012ec4   0x0000000a   Code   RO         1532    x$fpl$fretinf       fz_wm.l(fretinf.o)
    0x08012ece   0x08012ece   0x00000000   Code   RO         1534    x$fpl$usenofp       fz_wm.l(usenofp.o)
    0x08012ece   0x08012ece   0x00000002   PAD
    0x08012ed0   0x08012ed0   0x00000010   Data   RO          476    .constdata          driver.o
    0x08012ee0   0x08012ee0   0x00000074   Data   RO          978    .constdata          os_dbg.o
    0x08012f54   0x08012f54   0x00000100   Data   RO          994    .constdata          os_core.o
    0x08013054   0x08013054   0x00000020   Data   RO         1708    Region$$Table       anon$$obj.o


    Execution Region RW_IRAM1 (Exec base: 0x20000000, Load base: 0x08013074, Size: 0x00005ac0, Max: 0x00020000, ABSOLUTE, COMPRESSED[0x00000588])

    Exec Addr    Load Addr    Size         Type   Attr      Idx    E Section Name        Object

    0x20000000   COMPRESSED   0x0000008c   Data   RW          104    .data               task.o
    0x2000008c   COMPRESSED   0x00000034   Data   RW          228    .data               stm32f4xx_it.o
    0x200000c0   COMPRESSED   0x0000000b   Data   RW          407    .data               pps.o
    0x200000cb   COMPRESSED   0x00000001   PAD
    0x200000cc   COMPRESSED   0x00000008   Data   RW          438    .data               dma.o
    0x200000d4   COMPRESSED   0x00000030   Data   RW          520    .data               movebase.o
    0x20000104   COMPRESSED   0x000000bc   Data   RW          633    .data               archery.o
    0x200001c0   COMPRESSED   0x00000970   Data   RW          762    .data               pot.o
    0x20000b30   COMPRESSED   0x00000910   Data   RW          853    .data               blue.o
    0x20001440   COMPRESSED   0x00000023   Data   RW          878    .data               momentum.o
    0x20001463   COMPRESSED   0x00000001   PAD
    0x20001464   COMPRESSED   0x00000014   Data   RW          906    .data               system_stm32f4xx.o
    0x20001478   COMPRESSED   0x00000006   Data   RW          944    .data               os_cpu_c.o
    0x2000147e   COMPRESSED   0x00000002   PAD
    0x20001480   COMPRESSED   0x00000060   Data   RW          995    .data               os_core.o
    0x200014e0   COMPRESSED   0x00000010   Data   RW         1172    .data               stm32f4xx_rcc.o
    0x200014f0        -       0x00000400   Zero   RW            5    .bss                main.o
    0x200018f0        -       0x00001400   Zero   RW          103    .bss                task.o
    0x20002cf0        -       0x0000000c   Zero   RW          227    .bss                stm32f4xx_it.o
    0x20002cfc        -       0x00000030   Zero   RW          406    .bss                pps.o
    0x20002d2c        -       0x00000320   Zero   RW          437    .bss                dma.o
    0x2000304c        -       0x000002a8   Zero   RW          519    .bss                movebase.o
    0x200032f4        -       0x000002c8   Zero   RW          554    .bss                robot.o
    0x200035bc        -       0x00000072   Zero   RW          603    .bss                pccomm.o
    0x2000362e   COMPRESSED   0x00000002   PAD
    0x20003630        -       0x00000024   Zero   RW          632    .bss                archery.o
    0x20003654        -       0x00000080   Zero   RW          668    .bss                pid.o
    0x200036d4        -       0x00000200   Zero   RW          943    .bss                os_cpu_c.o
    0x200038d4        -       0x00001b88   Zero   RW          993    .bss                os_core.o
    0x2000545c        -       0x00000060   Zero   RW         1572    .bss                c_w.l(libspace.o)
    0x200054bc   COMPRESSED   0x00000004   PAD
    0x200054c0        -       0x00000200   Zero   RW          933    HEAP                startup_stm32f4xx.o
    0x200056c0        -       0x00000400   Zero   RW          932    STACK               startup_stm32f4xx.o


==============================================================================

Image component sizes


      Code (inc. data)   RO Data    RW Data    ZI Data      Debug   Object Name

       992          4          0          0          0       3847   app.o
     10912       1164          0        188         36      17158   archery.o
         0          0          0       2320          0       2573   blue.o
      1120         16          0          0          0       2909   can.o
      3276        162          0          8        800       8417   dma.o
      7348        288         16          0          0      21157   driver.o
       396         26          0          0          0       1981   gpio.o
       116         18          0          0       1024     229922   main.o
       224         20          0          0          0       1945   misc.o
      1520        214          0         35          0       2138   momentum.o
       116         36          0          0          0        624   motorcontrol.o
      3348        338          0         48        680       5682   movebase.o
        18          0          0          0          0       1511   os_apphooks.o
      3408        290        256         96       7048      19395   os_core.o
       184         32          0          0          0        308   os_cpu_a.o
       712         28          0          6        512      12355   os_cpu_c.o
       348        230        116          0          0       3362   os_dbg.o
      2148         44          0          0          0       7320   os_flag.o
       600         16          0          0          0       3484   os_mem.o
      1620         34          0          0          0       5989   os_q.o
       992         22          0          0          0       4146   os_sem.o
      2316         76          0          0          0       8469   os_task.o
       468         28          0          0          0       1922   os_time.o
      1760        132          0          0          0       5865   os_tmr.o
         0          0          0          0        114        878   pccomm.o
       984         46          0          0        128       2691   pid.o
      4464        476          0       2416          0       5657   pot.o
      1128         64          0         11         48       5219   pps.o
         0          0          0          0        712       1777   robot.o
       992         24          0          0          0       2625   spi.o
        80         32        392          0       1536        868   startup_stm32f4xx.o
      2544         38          0          0          0       8272   stm32f4xx_can.o
       936         32          0          0          0       6525   stm32f4xx_dma.o
       604         36          0          0          0       4253   stm32f4xx_gpio.o
      3700        492          0         52         12      14398   stm32f4xx_it.o
      1416         48          0         16          0      11183   stm32f4xx_rcc.o
      1016         22          0          0          0       6969   stm32f4xx_spi.o
      3234         60          0          0          0      23140   stm32f4xx_tim.o
      1086         26          0          0          0       8052   stm32f4xx_usart.o
       528         46          0         20          0       1839   system_stm32f4xx.o
      3300        488          0        140       5120      88527   task.o
      1816         34          0          0          0       3937   timer.o
      1488         44          0          0          0       6361   usart.o

    ----------------------------------------------------------------------
     73264       5226        812       5360      17772     575650   Object Totals
         0          0         32          0          0          0   (incl. Generated)
         6          0          0          4          2          0   (incl. Padding)

    ----------------------------------------------------------------------

      Code (inc. data)   RO Data    RW Data    ZI Data      Debug   Library Member Name

       100          0          0          0          0          0   __dclz77c.o
         8          0          0          0          0         68   __main.o
         0          0          0          0          0          0   __rtentry.o
        12          0          0          0          0          0   __rtentry2.o
         6          0          0          0          0          0   __rtentry4.o
        52          8          0          0          0          0   __scatter.o
        28          0          0          0          0          0   __scatter_zi.o
        18          0          0          0          0         80   exit.o
         6          0          0          0          0        152   heapauxi.o
         0          0          0          0          0          0   indicate_semi.o
         2          0          0          0          0          0   libinit.o
         6          0          0          0          0          0   libinit2.o
         2          0          0          0          0          0   libshutdown.o
         2          0          0          0          0          0   libshutdown2.o
         8          4          0          0         96         68   libspace.o
       138          0          0          0          0         68   rt_memcpy_v6.o
       100          0          0          0          0         80   rt_memcpy_w.o
         2          0          0          0          0          0   rtexit.o
        10          0          0          0          0          0   rtexit2.o
        12          4          0          0          0         68   sys_exit.o
        74          0          0          0          0         80   sys_stackheap_outer.o
         2          0          0          0          0         68   use_no_semi.o
        98          4          0          0          0        140   d2f.o
       804         16          0          0          0        368   daddsub_clz.o
        24          0          0          0          0        116   dcmpi.o
       688        140          0          0          0        256   ddiv.o
       120          4          0          0          0        140   dleqf.o
       340         12          0          0          0        152   dmul.o
       156          4          0          0          0        140   dnaninf.o
        12          0          0          0          0        116   dretinf.o
       108          0          0          0          0        128   drleqf.o
        86          4          0          0          0        132   f2d.o
       140          4          0          0          0        132   fnaninf.o
        10          0          0          0          0        116   fpinit.o
        10          0          0          0          0        116   fretinf.o
         0          0          0          0          0          0   usenofp.o
       592         90          0          0          0        184   atan2f.o
        20          0          0          0          0        124   fabs.o
        38          0          0          0          0        116   fpclassifyf.o
        22          6          0          0          0        232   funder.o

    ----------------------------------------------------------------------
      3864        300          0          0        100       3440   Library Totals
         8          0          0          0          4          0   (incl. Padding)

    ----------------------------------------------------------------------

      Code (inc. data)   RO Data    RW Data    ZI Data      Debug   Library Name

       588         16          0          0         96        732   c_w.l
      2596        188          0          0          0       2052   fz_wm.l
       672         96          0          0          0        656   m_wm.l

    ----------------------------------------------------------------------
      3864        300          0          0        100       3440   Library Totals

    ----------------------------------------------------------------------

==============================================================================


      Code (inc. data)   RO Data    RW Data    ZI Data      Debug   

     77128       5526        812       5360      17872     568730   Grand Totals
     77128       5526        812       1416      17872     568730   ELF Image Totals (compressed)
     77128       5526        812       1416          0          0   ROM Totals

==============================================================================

    Total RO  Size (Code + RO Data)                77940 (  76.11kB)
    Total RW  Size (RW Data + ZI Data)             23232 (  22.69kB)
    Total ROM Size (Code + RO Data + RW Data)      79356 (  77.50kB)

==============================================================================

